// Jest Snapshot v1, https://goo.gl/fbAQLP

exports[`Input renders correctly 1`] = `
<InputContainer
  className=""
  onChangeInput={[MockFunction]}
  style={Object {}}
>
  <Component
    className=""
    onChangeInput={[MockFunction]}
    palette={
      Object {
        "actionsDropdown": Object {
          "backgroundColor": "#3fbaca",
          "fontColor": "#ffffff",
        },
        "anchor": Object {
          "disabledFontColor": "#9d9d9d",
          "fontColor": "#3fbaca",
        },
        "button": Object {
          "backgroundColor": "#3fbaca",
          "disabledBackgroundColor": "#e2e2e2",
          "fontColor": "#ffffff",
        },
        "commonElement": Object {
          "backgroundColor": "#ffffff",
          "borderColor": "#e2e2e2",
          "fontColor": "#293346",
        },
        "description": Object {
          "fontColor": "#9d9d9d",
        },
        "label": Object {
          "fontColor": "#2d2d2d",
        },
        "layout": Object {
          "backgroundColor": "#ffffff",
          "borderColor": "#e2e2e2",
          "fontColor": "#293346",
        },
        "main": Object {
          "backgroundColor": "#f7f7f7",
        },
        "toggleElement": Object {
          "backgroundColor": "#425579",
          "borderColor": "#e2e2e2",
          "fontColor": "#ffffff",
          "secondaryBackgroundColor": "#ffffff",
          "secondaryFontColor": "#9d9d9d",
        },
      }
    }
    style={Object {}}
  >
    <StyledInputContainer
      className=""
      onChangeInput={[MockFunction]}
      palette={
        Object {
          "actionsDropdown": Object {
            "backgroundColor": "#3fbaca",
            "fontColor": "#ffffff",
          },
          "anchor": Object {
            "disabledFontColor": "#9d9d9d",
            "fontColor": "#3fbaca",
          },
          "button": Object {
            "backgroundColor": "#3fbaca",
            "disabledBackgroundColor": "#e2e2e2",
            "fontColor": "#ffffff",
          },
          "commonElement": Object {
            "backgroundColor": "#ffffff",
            "borderColor": "#e2e2e2",
            "fontColor": "#293346",
          },
          "description": Object {
            "fontColor": "#9d9d9d",
          },
          "label": Object {
            "fontColor": "#2d2d2d",
          },
          "layout": Object {
            "backgroundColor": "#ffffff",
            "borderColor": "#e2e2e2",
            "fontColor": "#293346",
          },
          "main": Object {
            "backgroundColor": "#f7f7f7",
          },
          "toggleElement": Object {
            "backgroundColor": "#425579",
            "borderColor": "#e2e2e2",
            "fontColor": "#ffffff",
            "secondaryBackgroundColor": "#ffffff",
            "secondaryFontColor": "#9d9d9d",
          },
        }
      }
      style={Object {}}
    >
      <Box
        className="sc-gtssRu eHPvyX"
        onChangeInput={[MockFunction]}
        palette={
          Object {
            "actionsDropdown": Object {
              "backgroundColor": "#3fbaca",
              "fontColor": "#ffffff",
            },
            "anchor": Object {
              "disabledFontColor": "#9d9d9d",
              "fontColor": "#3fbaca",
            },
            "button": Object {
              "backgroundColor": "#3fbaca",
              "disabledBackgroundColor": "#e2e2e2",
              "fontColor": "#ffffff",
            },
            "commonElement": Object {
              "backgroundColor": "#ffffff",
              "borderColor": "#e2e2e2",
              "fontColor": "#293346",
            },
            "description": Object {
              "fontColor": "#9d9d9d",
            },
            "label": Object {
              "fontColor": "#2d2d2d",
            },
            "layout": Object {
              "backgroundColor": "#ffffff",
              "borderColor": "#e2e2e2",
              "fontColor": "#293346",
            },
            "main": Object {
              "backgroundColor": "#f7f7f7",
            },
            "toggleElement": Object {
              "backgroundColor": "#425579",
              "borderColor": "#e2e2e2",
              "fontColor": "#ffffff",
              "secondaryBackgroundColor": "#ffffff",
              "secondaryFontColor": "#9d9d9d",
            },
          }
        }
        style={Object {}}
      >
        <Component
          className="sc-gtssRu eHPvyX"
          onChangeInput={[MockFunction]}
          palette={
            Object {
              "actionsDropdown": Object {
                "backgroundColor": "#3fbaca",
                "fontColor": "#ffffff",
              },
              "anchor": Object {
                "disabledFontColor": "#9d9d9d",
                "fontColor": "#3fbaca",
              },
              "button": Object {
                "backgroundColor": "#3fbaca",
                "disabledBackgroundColor": "#e2e2e2",
                "fontColor": "#ffffff",
              },
              "commonElement": Object {
                "backgroundColor": "#ffffff",
                "borderColor": "#e2e2e2",
                "fontColor": "#293346",
              },
              "description": Object {
                "fontColor": "#9d9d9d",
              },
              "label": Object {
                "fontColor": "#2d2d2d",
              },
              "layout": Object {
                "backgroundColor": "#ffffff",
                "borderColor": "#e2e2e2",
                "fontColor": "#293346",
              },
              "main": Object {
                "backgroundColor": "#f7f7f7",
              },
              "toggleElement": Object {
                "backgroundColor": "#425579",
                "borderColor": "#e2e2e2",
                "fontColor": "#ffffff",
                "secondaryBackgroundColor": "#ffffff",
                "secondaryFontColor": "#9d9d9d",
              },
            }
          }
          style={Object {}}
        >
          <StyledBox
            className="sc-gtssRu eHPvyX"
            onChangeInput={[MockFunction]}
            palette={
              Object {
                "actionsDropdown": Object {
                  "backgroundColor": "#3fbaca",
                  "fontColor": "#ffffff",
                },
                "anchor": Object {
                  "disabledFontColor": "#9d9d9d",
                  "fontColor": "#3fbaca",
                },
                "button": Object {
                  "backgroundColor": "#3fbaca",
                  "disabledBackgroundColor": "#e2e2e2",
                  "fontColor": "#ffffff",
                },
                "commonElement": Object {
                  "backgroundColor": "#ffffff",
                  "borderColor": "#e2e2e2",
                  "fontColor": "#293346",
                },
                "description": Object {
                  "fontColor": "#9d9d9d",
                },
                "label": Object {
                  "fontColor": "#2d2d2d",
                },
                "layout": Object {
                  "backgroundColor": "#ffffff",
                  "borderColor": "#e2e2e2",
                  "fontColor": "#293346",
                },
                "main": Object {
                  "backgroundColor": "#f7f7f7",
                },
                "toggleElement": Object {
                  "backgroundColor": "#425579",
                  "borderColor": "#e2e2e2",
                  "fontColor": "#ffffff",
                  "secondaryBackgroundColor": "#ffffff",
                  "secondaryFontColor": "#9d9d9d",
                },
              }
            }
            style={Object {}}
          >
            <div
              className="sc-bdnylx kBsmpR sc-gtssRu eHPvyX"
              onChangeInput={[MockFunction]}
              style={Object {}}
            >
              <Input
                className=""
                key="0/.0"
                onChange={[Function]}
                style={Object {}}
                wrapped={true}
              >
                <Component
                  className=""
                  onChange={[Function]}
                  palette={
                    Object {
                      "actionsDropdown": Object {
                        "backgroundColor": "#3fbaca",
                        "fontColor": "#ffffff",
                      },
                      "anchor": Object {
                        "disabledFontColor": "#9d9d9d",
                        "fontColor": "#3fbaca",
                      },
                      "button": Object {
                        "backgroundColor": "#3fbaca",
                        "disabledBackgroundColor": "#e2e2e2",
                        "fontColor": "#ffffff",
                      },
                      "commonElement": Object {
                        "backgroundColor": "#ffffff",
                        "borderColor": "#e2e2e2",
                        "fontColor": "#293346",
                      },
                      "description": Object {
                        "fontColor": "#9d9d9d",
                      },
                      "label": Object {
                        "fontColor": "#2d2d2d",
                      },
                      "layout": Object {
                        "backgroundColor": "#ffffff",
                        "borderColor": "#e2e2e2",
                        "fontColor": "#293346",
                      },
                      "main": Object {
                        "backgroundColor": "#f7f7f7",
                      },
                      "toggleElement": Object {
                        "backgroundColor": "#425579",
                        "borderColor": "#e2e2e2",
                        "fontColor": "#ffffff",
                        "secondaryBackgroundColor": "#ffffff",
                        "secondaryFontColor": "#9d9d9d",
                      },
                    }
                  }
                  style={Object {}}
                  wrapped={true}
                >
                  <StyledInputWrapped
                    boxAs="input"
                    className=""
                    onChange={[Function]}
                    palette={
                      Object {
                        "actionsDropdown": Object {
                          "backgroundColor": "#3fbaca",
                          "fontColor": "#ffffff",
                        },
                        "anchor": Object {
                          "disabledFontColor": "#9d9d9d",
                          "fontColor": "#3fbaca",
                        },
                        "button": Object {
                          "backgroundColor": "#3fbaca",
                          "disabledBackgroundColor": "#e2e2e2",
                          "fontColor": "#ffffff",
                        },
                        "commonElement": Object {
                          "backgroundColor": "#ffffff",
                          "borderColor": "#e2e2e2",
                          "fontColor": "#293346",
                        },
                        "description": Object {
                          "fontColor": "#9d9d9d",
                        },
                        "label": Object {
                          "fontColor": "#2d2d2d",
                        },
                        "layout": Object {
                          "backgroundColor": "#ffffff",
                          "borderColor": "#e2e2e2",
                          "fontColor": "#293346",
                        },
                        "main": Object {
                          "backgroundColor": "#f7f7f7",
                        },
                        "toggleElement": Object {
                          "backgroundColor": "#425579",
                          "borderColor": "#e2e2e2",
                          "fontColor": "#ffffff",
                          "secondaryBackgroundColor": "#ffffff",
                          "secondaryFontColor": "#9d9d9d",
                        },
                      }
                    }
                    style={Object {}}
                    wrapped={true}
                  >
                    <Box
                      boxAs="input"
                      className="sc-dlnjPT sc-eCApGN kEWLYK djlcut"
                      onChange={[Function]}
                      palette={
                        Object {
                          "actionsDropdown": Object {
                            "backgroundColor": "#3fbaca",
                            "fontColor": "#ffffff",
                          },
                          "anchor": Object {
                            "disabledFontColor": "#9d9d9d",
                            "fontColor": "#3fbaca",
                          },
                          "button": Object {
                            "backgroundColor": "#3fbaca",
                            "disabledBackgroundColor": "#e2e2e2",
                            "fontColor": "#ffffff",
                          },
                          "commonElement": Object {
                            "backgroundColor": "#ffffff",
                            "borderColor": "#e2e2e2",
                            "fontColor": "#293346",
                          },
                          "description": Object {
                            "fontColor": "#9d9d9d",
                          },
                          "label": Object {
                            "fontColor": "#2d2d2d",
                          },
                          "layout": Object {
                            "backgroundColor": "#ffffff",
                            "borderColor": "#e2e2e2",
                            "fontColor": "#293346",
                          },
                          "main": Object {
                            "backgroundColor": "#f7f7f7",
                          },
                          "toggleElement": Object {
                            "backgroundColor": "#425579",
                            "borderColor": "#e2e2e2",
                            "fontColor": "#ffffff",
                            "secondaryBackgroundColor": "#ffffff",
                            "secondaryFontColor": "#9d9d9d",
                          },
                        }
                      }
                      style={Object {}}
                      wrapped={true}
                    >
                      <Component
                        boxAs="input"
                        className="sc-dlnjPT sc-eCApGN kEWLYK djlcut"
                        onChange={[Function]}
                        palette={
                          Object {
                            "actionsDropdown": Object {
                              "backgroundColor": "#3fbaca",
                              "fontColor": "#ffffff",
                            },
                            "anchor": Object {
                              "disabledFontColor": "#9d9d9d",
                              "fontColor": "#3fbaca",
                            },
                            "button": Object {
                              "backgroundColor": "#3fbaca",
                              "disabledBackgroundColor": "#e2e2e2",
                              "fontColor": "#ffffff",
                            },
                            "commonElement": Object {
                              "backgroundColor": "#ffffff",
                              "borderColor": "#e2e2e2",
                              "fontColor": "#293346",
                            },
                            "description": Object {
                              "fontColor": "#9d9d9d",
                            },
                            "label": Object {
                              "fontColor": "#2d2d2d",
                            },
                            "layout": Object {
                              "backgroundColor": "#ffffff",
                              "borderColor": "#e2e2e2",
                              "fontColor": "#293346",
                            },
                            "main": Object {
                              "backgroundColor": "#f7f7f7",
                            },
                            "toggleElement": Object {
                              "backgroundColor": "#425579",
                              "borderColor": "#e2e2e2",
                              "fontColor": "#ffffff",
                              "secondaryBackgroundColor": "#ffffff",
                              "secondaryFontColor": "#9d9d9d",
                            },
                          }
                        }
                        style={Object {}}
                        wrapped={true}
                      >
                        <StyledBox
                          as="input"
                          boxAs="input"
                          className="sc-dlnjPT sc-eCApGN kEWLYK djlcut"
                          onChange={[Function]}
                          palette={
                            Object {
                              "actionsDropdown": Object {
                                "backgroundColor": "#3fbaca",
                                "fontColor": "#ffffff",
                              },
                              "anchor": Object {
                                "disabledFontColor": "#9d9d9d",
                                "fontColor": "#3fbaca",
                              },
                              "button": Object {
                                "backgroundColor": "#3fbaca",
                                "disabledBackgroundColor": "#e2e2e2",
                                "fontColor": "#ffffff",
                              },
                              "commonElement": Object {
                                "backgroundColor": "#ffffff",
                                "borderColor": "#e2e2e2",
                                "fontColor": "#293346",
                              },
                              "description": Object {
                                "fontColor": "#9d9d9d",
                              },
                              "label": Object {
                                "fontColor": "#2d2d2d",
                              },
                              "layout": Object {
                                "backgroundColor": "#ffffff",
                                "borderColor": "#e2e2e2",
                                "fontColor": "#293346",
                              },
                              "main": Object {
                                "backgroundColor": "#f7f7f7",
                              },
                              "toggleElement": Object {
                                "backgroundColor": "#425579",
                                "borderColor": "#e2e2e2",
                                "fontColor": "#ffffff",
                                "secondaryBackgroundColor": "#ffffff",
                                "secondaryFontColor": "#9d9d9d",
                              },
                            }
                          }
                          style={Object {}}
                          wrapped={true}
                        >
                          <input
                            className="sc-bdnylx kBsmpR sc-dlnjPT sc-eCApGN kEWLYK djlcut"
                            onChange={[Function]}
                            style={Object {}}
                          />
                        </StyledBox>
                      </Component>
                    </Box>
                  </StyledInputWrapped>
                </Component>
              </Input>
              <InputOptionList
                className=""
                icon="check"
                key="1/.1"
                pr={5}
                style={Object {}}
              >
                <Component
                  className=""
                  icon="check"
                  palette={
                    Object {
                      "actionsDropdown": Object {
                        "backgroundColor": "#3fbaca",
                        "fontColor": "#ffffff",
                      },
                      "anchor": Object {
                        "disabledFontColor": "#9d9d9d",
                        "fontColor": "#3fbaca",
                      },
                      "button": Object {
                        "backgroundColor": "#3fbaca",
                        "disabledBackgroundColor": "#e2e2e2",
                        "fontColor": "#ffffff",
                      },
                      "commonElement": Object {
                        "backgroundColor": "#ffffff",
                        "borderColor": "#e2e2e2",
                        "fontColor": "#293346",
                      },
                      "description": Object {
                        "fontColor": "#9d9d9d",
                      },
                      "label": Object {
                        "fontColor": "#2d2d2d",
                      },
                      "layout": Object {
                        "backgroundColor": "#ffffff",
                        "borderColor": "#e2e2e2",
                        "fontColor": "#293346",
                      },
                      "main": Object {
                        "backgroundColor": "#f7f7f7",
                      },
                      "toggleElement": Object {
                        "backgroundColor": "#425579",
                        "borderColor": "#e2e2e2",
                        "fontColor": "#ffffff",
                        "secondaryBackgroundColor": "#ffffff",
                        "secondaryFontColor": "#9d9d9d",
                      },
                    }
                  }
                  pr={5}
                  style={Object {}}
                >
                  <Box
                    className=""
                    color="inherit"
                    icon="check"
                    palette={
                      Object {
                        "actionsDropdown": Object {
                          "backgroundColor": "#3fbaca",
                          "fontColor": "#ffffff",
                        },
                        "anchor": Object {
                          "disabledFontColor": "#9d9d9d",
                          "fontColor": "#3fbaca",
                        },
                        "button": Object {
                          "backgroundColor": "#3fbaca",
                          "disabledBackgroundColor": "#e2e2e2",
                          "fontColor": "#ffffff",
                        },
                        "commonElement": Object {
                          "backgroundColor": "#ffffff",
                          "borderColor": "#e2e2e2",
                          "fontColor": "#293346",
                        },
                        "description": Object {
                          "fontColor": "#9d9d9d",
                        },
                        "label": Object {
                          "fontColor": "#2d2d2d",
                        },
                        "layout": Object {
                          "backgroundColor": "#ffffff",
                          "borderColor": "#e2e2e2",
                          "fontColor": "#293346",
                        },
                        "main": Object {
                          "backgroundColor": "#f7f7f7",
                        },
                        "toggleElement": Object {
                          "backgroundColor": "#425579",
                          "borderColor": "#e2e2e2",
                          "fontColor": "#ffffff",
                          "secondaryBackgroundColor": "#ffffff",
                          "secondaryFontColor": "#9d9d9d",
                        },
                      }
                    }
                    position="relative"
                    pr={5}
                    style={Object {}}
                  >
                    <Component
                      className=""
                      color="inherit"
                      icon="check"
                      palette={
                        Object {
                          "actionsDropdown": Object {
                            "backgroundColor": "#3fbaca",
                            "fontColor": "#ffffff",
                          },
                          "anchor": Object {
                            "disabledFontColor": "#9d9d9d",
                            "fontColor": "#3fbaca",
                          },
                          "button": Object {
                            "backgroundColor": "#3fbaca",
                            "disabledBackgroundColor": "#e2e2e2",
                            "fontColor": "#ffffff",
                          },
                          "commonElement": Object {
                            "backgroundColor": "#ffffff",
                            "borderColor": "#e2e2e2",
                            "fontColor": "#293346",
                          },
                          "description": Object {
                            "fontColor": "#9d9d9d",
                          },
                          "label": Object {
                            "fontColor": "#2d2d2d",
                          },
                          "layout": Object {
                            "backgroundColor": "#ffffff",
                            "borderColor": "#e2e2e2",
                            "fontColor": "#293346",
                          },
                          "main": Object {
                            "backgroundColor": "#f7f7f7",
                          },
                          "toggleElement": Object {
                            "backgroundColor": "#425579",
                            "borderColor": "#e2e2e2",
                            "fontColor": "#ffffff",
                            "secondaryBackgroundColor": "#ffffff",
                            "secondaryFontColor": "#9d9d9d",
                          },
                        }
                      }
                      position="relative"
                      pr={5}
                      style={Object {}}
                    >
                      <StyledBox
                        className=""
                        color="inherit"
                        icon="check"
                        palette={
                          Object {
                            "actionsDropdown": Object {
                              "backgroundColor": "#3fbaca",
                              "fontColor": "#ffffff",
                            },
                            "anchor": Object {
                              "disabledFontColor": "#9d9d9d",
                              "fontColor": "#3fbaca",
                            },
                            "button": Object {
                              "backgroundColor": "#3fbaca",
                              "disabledBackgroundColor": "#e2e2e2",
                              "fontColor": "#ffffff",
                            },
                            "commonElement": Object {
                              "backgroundColor": "#ffffff",
                              "borderColor": "#e2e2e2",
                              "fontColor": "#293346",
                            },
                            "description": Object {
                              "fontColor": "#9d9d9d",
                            },
                            "label": Object {
                              "fontColor": "#2d2d2d",
                            },
                            "layout": Object {
                              "backgroundColor": "#ffffff",
                              "borderColor": "#e2e2e2",
                              "fontColor": "#293346",
                            },
                            "main": Object {
                              "backgroundColor": "#f7f7f7",
                            },
                            "toggleElement": Object {
                              "backgroundColor": "#425579",
                              "borderColor": "#e2e2e2",
                              "fontColor": "#ffffff",
                              "secondaryBackgroundColor": "#ffffff",
                              "secondaryFontColor": "#9d9d9d",
                            },
                          }
                        }
                        position="relative"
                        pr={5}
                        style={Object {}}
                      >
                        <div
                          className="sc-bdnylx khUHaR"
                          color="inherit"
                          style={Object {}}
                        >
                          <InputIcon
                            className=""
                            onClick={[Function]}
                            style={Object {}}
                          >
                            <Component
                              className=""
                              onClick={[Function]}
                              palette={
                                Object {
                                  "actionsDropdown": Object {
                                    "backgroundColor": "#3fbaca",
                                    "fontColor": "#ffffff",
                                  },
                                  "anchor": Object {
                                    "disabledFontColor": "#9d9d9d",
                                    "fontColor": "#3fbaca",
                                  },
                                  "button": Object {
                                    "backgroundColor": "#3fbaca",
                                    "disabledBackgroundColor": "#e2e2e2",
                                    "fontColor": "#ffffff",
                                  },
                                  "commonElement": Object {
                                    "backgroundColor": "#ffffff",
                                    "borderColor": "#e2e2e2",
                                    "fontColor": "#293346",
                                  },
                                  "description": Object {
                                    "fontColor": "#9d9d9d",
                                  },
                                  "label": Object {
                                    "fontColor": "#2d2d2d",
                                  },
                                  "layout": Object {
                                    "backgroundColor": "#ffffff",
                                    "borderColor": "#e2e2e2",
                                    "fontColor": "#293346",
                                  },
                                  "main": Object {
                                    "backgroundColor": "#f7f7f7",
                                  },
                                  "toggleElement": Object {
                                    "backgroundColor": "#425579",
                                    "borderColor": "#e2e2e2",
                                    "fontColor": "#ffffff",
                                    "secondaryBackgroundColor": "#ffffff",
                                    "secondaryFontColor": "#9d9d9d",
                                  },
                                }
                              }
                              style={Object {}}
                            >
                              <StyledInputIcon
                                className=""
                                onClick={[Function]}
                                palette={
                                  Object {
                                    "actionsDropdown": Object {
                                      "backgroundColor": "#3fbaca",
                                      "fontColor": "#ffffff",
                                    },
                                    "anchor": Object {
                                      "disabledFontColor": "#9d9d9d",
                                      "fontColor": "#3fbaca",
                                    },
                                    "button": Object {
                                      "backgroundColor": "#3fbaca",
                                      "disabledBackgroundColor": "#e2e2e2",
                                      "fontColor": "#ffffff",
                                    },
                                    "commonElement": Object {
                                      "backgroundColor": "#ffffff",
                                      "borderColor": "#e2e2e2",
                                      "fontColor": "#293346",
                                    },
                                    "description": Object {
                                      "fontColor": "#9d9d9d",
                                    },
                                    "label": Object {
                                      "fontColor": "#2d2d2d",
                                    },
                                    "layout": Object {
                                      "backgroundColor": "#ffffff",
                                      "borderColor": "#e2e2e2",
                                      "fontColor": "#293346",
                                    },
                                    "main": Object {
                                      "backgroundColor": "#f7f7f7",
                                    },
                                    "toggleElement": Object {
                                      "backgroundColor": "#425579",
                                      "borderColor": "#e2e2e2",
                                      "fontColor": "#ffffff",
                                      "secondaryBackgroundColor": "#ffffff",
                                      "secondaryFontColor": "#9d9d9d",
                                    },
                                  }
                                }
                                style={Object {}}
                              >
                                <Box
                                  className="sc-gKAblj cMavam"
                                  onClick={[Function]}
                                  palette={
                                    Object {
                                      "actionsDropdown": Object {
                                        "backgroundColor": "#3fbaca",
                                        "fontColor": "#ffffff",
                                      },
                                      "anchor": Object {
                                        "disabledFontColor": "#9d9d9d",
                                        "fontColor": "#3fbaca",
                                      },
                                      "button": Object {
                                        "backgroundColor": "#3fbaca",
                                        "disabledBackgroundColor": "#e2e2e2",
                                        "fontColor": "#ffffff",
                                      },
                                      "commonElement": Object {
                                        "backgroundColor": "#ffffff",
                                        "borderColor": "#e2e2e2",
                                        "fontColor": "#293346",
                                      },
                                      "description": Object {
                                        "fontColor": "#9d9d9d",
                                      },
                                      "label": Object {
                                        "fontColor": "#2d2d2d",
                                      },
                                      "layout": Object {
                                        "backgroundColor": "#ffffff",
                                        "borderColor": "#e2e2e2",
                                        "fontColor": "#293346",
                                      },
                                      "main": Object {
                                        "backgroundColor": "#f7f7f7",
                                      },
                                      "toggleElement": Object {
                                        "backgroundColor": "#425579",
                                        "borderColor": "#e2e2e2",
                                        "fontColor": "#ffffff",
                                        "secondaryBackgroundColor": "#ffffff",
                                        "secondaryFontColor": "#9d9d9d",
                                      },
                                    }
                                  }
                                  style={Object {}}
                                >
                                  <Component
                                    className="sc-gKAblj cMavam"
                                    onClick={[Function]}
                                    palette={
                                      Object {
                                        "actionsDropdown": Object {
                                          "backgroundColor": "#3fbaca",
                                          "fontColor": "#ffffff",
                                        },
                                        "anchor": Object {
                                          "disabledFontColor": "#9d9d9d",
                                          "fontColor": "#3fbaca",
                                        },
                                        "button": Object {
                                          "backgroundColor": "#3fbaca",
                                          "disabledBackgroundColor": "#e2e2e2",
                                          "fontColor": "#ffffff",
                                        },
                                        "commonElement": Object {
                                          "backgroundColor": "#ffffff",
                                          "borderColor": "#e2e2e2",
                                          "fontColor": "#293346",
                                        },
                                        "description": Object {
                                          "fontColor": "#9d9d9d",
                                        },
                                        "label": Object {
                                          "fontColor": "#2d2d2d",
                                        },
                                        "layout": Object {
                                          "backgroundColor": "#ffffff",
                                          "borderColor": "#e2e2e2",
                                          "fontColor": "#293346",
                                        },
                                        "main": Object {
                                          "backgroundColor": "#f7f7f7",
                                        },
                                        "toggleElement": Object {
                                          "backgroundColor": "#425579",
                                          "borderColor": "#e2e2e2",
                                          "fontColor": "#ffffff",
                                          "secondaryBackgroundColor": "#ffffff",
                                          "secondaryFontColor": "#9d9d9d",
                                        },
                                      }
                                    }
                                    style={Object {}}
                                  >
                                    <StyledBox
                                      className="sc-gKAblj cMavam"
                                      onClick={[Function]}
                                      palette={
                                        Object {
                                          "actionsDropdown": Object {
                                            "backgroundColor": "#3fbaca",
                                            "fontColor": "#ffffff",
                                          },
                                          "anchor": Object {
                                            "disabledFontColor": "#9d9d9d",
                                            "fontColor": "#3fbaca",
                                          },
                                          "button": Object {
                                            "backgroundColor": "#3fbaca",
                                            "disabledBackgroundColor": "#e2e2e2",
                                            "fontColor": "#ffffff",
                                          },
                                          "commonElement": Object {
                                            "backgroundColor": "#ffffff",
                                            "borderColor": "#e2e2e2",
                                            "fontColor": "#293346",
                                          },
                                          "description": Object {
                                            "fontColor": "#9d9d9d",
                                          },
                                          "label": Object {
                                            "fontColor": "#2d2d2d",
                                          },
                                          "layout": Object {
                                            "backgroundColor": "#ffffff",
                                            "borderColor": "#e2e2e2",
                                            "fontColor": "#293346",
                                          },
                                          "main": Object {
                                            "backgroundColor": "#f7f7f7",
                                          },
                                          "toggleElement": Object {
                                            "backgroundColor": "#425579",
                                            "borderColor": "#e2e2e2",
                                            "fontColor": "#ffffff",
                                            "secondaryBackgroundColor": "#ffffff",
                                            "secondaryFontColor": "#9d9d9d",
                                          },
                                        }
                                      }
                                      style={Object {}}
                                    >
                                      <div
                                        className="sc-bdnylx kBsmpR sc-gKAblj cMavam"
                                        onClick={[Function]}
                                        style={Object {}}
                                      >
                                        check
                                      </div>
                                    </StyledBox>
                                  </Component>
                                </Box>
                              </StyledInputIcon>
                            </Component>
                          </InputIcon>
                        </div>
                      </StyledBox>
                    </Component>
                  </Box>
                </Component>
              </InputOptionList>
              <InputEmoji
                className=""
                key="2/.2"
                onChangeEmoji={[Function]}
                pr={5}
                style={Object {}}
              >
                <Component
                  className=""
                  onChangeEmoji={[Function]}
                  palette={
                    Object {
                      "actionsDropdown": Object {
                        "backgroundColor": "#3fbaca",
                        "fontColor": "#ffffff",
                      },
                      "anchor": Object {
                        "disabledFontColor": "#9d9d9d",
                        "fontColor": "#3fbaca",
                      },
                      "button": Object {
                        "backgroundColor": "#3fbaca",
                        "disabledBackgroundColor": "#e2e2e2",
                        "fontColor": "#ffffff",
                      },
                      "commonElement": Object {
                        "backgroundColor": "#ffffff",
                        "borderColor": "#e2e2e2",
                        "fontColor": "#293346",
                      },
                      "description": Object {
                        "fontColor": "#9d9d9d",
                      },
                      "label": Object {
                        "fontColor": "#2d2d2d",
                      },
                      "layout": Object {
                        "backgroundColor": "#ffffff",
                        "borderColor": "#e2e2e2",
                        "fontColor": "#293346",
                      },
                      "main": Object {
                        "backgroundColor": "#f7f7f7",
                      },
                      "toggleElement": Object {
                        "backgroundColor": "#425579",
                        "borderColor": "#e2e2e2",
                        "fontColor": "#ffffff",
                        "secondaryBackgroundColor": "#ffffff",
                        "secondaryFontColor": "#9d9d9d",
                      },
                    }
                  }
                  pr={5}
                  style={Object {}}
                >
                  <Box
                    className=""
                    color="inherit"
                    onChangeEmoji={[Function]}
                    palette={
                      Object {
                        "actionsDropdown": Object {
                          "backgroundColor": "#3fbaca",
                          "fontColor": "#ffffff",
                        },
                        "anchor": Object {
                          "disabledFontColor": "#9d9d9d",
                          "fontColor": "#3fbaca",
                        },
                        "button": Object {
                          "backgroundColor": "#3fbaca",
                          "disabledBackgroundColor": "#e2e2e2",
                          "fontColor": "#ffffff",
                        },
                        "commonElement": Object {
                          "backgroundColor": "#ffffff",
                          "borderColor": "#e2e2e2",
                          "fontColor": "#293346",
                        },
                        "description": Object {
                          "fontColor": "#9d9d9d",
                        },
                        "label": Object {
                          "fontColor": "#2d2d2d",
                        },
                        "layout": Object {
                          "backgroundColor": "#ffffff",
                          "borderColor": "#e2e2e2",
                          "fontColor": "#293346",
                        },
                        "main": Object {
                          "backgroundColor": "#f7f7f7",
                        },
                        "toggleElement": Object {
                          "backgroundColor": "#425579",
                          "borderColor": "#e2e2e2",
                          "fontColor": "#ffffff",
                          "secondaryBackgroundColor": "#ffffff",
                          "secondaryFontColor": "#9d9d9d",
                        },
                      }
                    }
                    position="relative"
                    pr={5}
                    style={Object {}}
                  >
                    <Component
                      className=""
                      color="inherit"
                      onChangeEmoji={[Function]}
                      palette={
                        Object {
                          "actionsDropdown": Object {
                            "backgroundColor": "#3fbaca",
                            "fontColor": "#ffffff",
                          },
                          "anchor": Object {
                            "disabledFontColor": "#9d9d9d",
                            "fontColor": "#3fbaca",
                          },
                          "button": Object {
                            "backgroundColor": "#3fbaca",
                            "disabledBackgroundColor": "#e2e2e2",
                            "fontColor": "#ffffff",
                          },
                          "commonElement": Object {
                            "backgroundColor": "#ffffff",
                            "borderColor": "#e2e2e2",
                            "fontColor": "#293346",
                          },
                          "description": Object {
                            "fontColor": "#9d9d9d",
                          },
                          "label": Object {
                            "fontColor": "#2d2d2d",
                          },
                          "layout": Object {
                            "backgroundColor": "#ffffff",
                            "borderColor": "#e2e2e2",
                            "fontColor": "#293346",
                          },
                          "main": Object {
                            "backgroundColor": "#f7f7f7",
                          },
                          "toggleElement": Object {
                            "backgroundColor": "#425579",
                            "borderColor": "#e2e2e2",
                            "fontColor": "#ffffff",
                            "secondaryBackgroundColor": "#ffffff",
                            "secondaryFontColor": "#9d9d9d",
                          },
                        }
                      }
                      position="relative"
                      pr={5}
                      style={Object {}}
                    >
                      <StyledBox
                        className=""
                        color="inherit"
                        onChangeEmoji={[Function]}
                        palette={
                          Object {
                            "actionsDropdown": Object {
                              "backgroundColor": "#3fbaca",
                              "fontColor": "#ffffff",
                            },
                            "anchor": Object {
                              "disabledFontColor": "#9d9d9d",
                              "fontColor": "#3fbaca",
                            },
                            "button": Object {
                              "backgroundColor": "#3fbaca",
                              "disabledBackgroundColor": "#e2e2e2",
                              "fontColor": "#ffffff",
                            },
                            "commonElement": Object {
                              "backgroundColor": "#ffffff",
                              "borderColor": "#e2e2e2",
                              "fontColor": "#293346",
                            },
                            "description": Object {
                              "fontColor": "#9d9d9d",
                            },
                            "label": Object {
                              "fontColor": "#2d2d2d",
                            },
                            "layout": Object {
                              "backgroundColor": "#ffffff",
                              "borderColor": "#e2e2e2",
                              "fontColor": "#293346",
                            },
                            "main": Object {
                              "backgroundColor": "#f7f7f7",
                            },
                            "toggleElement": Object {
                              "backgroundColor": "#425579",
                              "borderColor": "#e2e2e2",
                              "fontColor": "#ffffff",
                              "secondaryBackgroundColor": "#ffffff",
                              "secondaryFontColor": "#9d9d9d",
                            },
                          }
                        }
                        position="relative"
                        pr={5}
                        style={Object {}}
                      >
                        <div
                          className="sc-bdnylx khUHaR"
                          color="inherit"
                          onChangeEmoji={[Function]}
                          style={Object {}}
                        >
                          <InputIcon
                            className=""
                            onClick={[Function]}
                            style={Object {}}
                          >
                            <Component
                              className=""
                              onClick={[Function]}
                              palette={
                                Object {
                                  "actionsDropdown": Object {
                                    "backgroundColor": "#3fbaca",
                                    "fontColor": "#ffffff",
                                  },
                                  "anchor": Object {
                                    "disabledFontColor": "#9d9d9d",
                                    "fontColor": "#3fbaca",
                                  },
                                  "button": Object {
                                    "backgroundColor": "#3fbaca",
                                    "disabledBackgroundColor": "#e2e2e2",
                                    "fontColor": "#ffffff",
                                  },
                                  "commonElement": Object {
                                    "backgroundColor": "#ffffff",
                                    "borderColor": "#e2e2e2",
                                    "fontColor": "#293346",
                                  },
                                  "description": Object {
                                    "fontColor": "#9d9d9d",
                                  },
                                  "label": Object {
                                    "fontColor": "#2d2d2d",
                                  },
                                  "layout": Object {
                                    "backgroundColor": "#ffffff",
                                    "borderColor": "#e2e2e2",
                                    "fontColor": "#293346",
                                  },
                                  "main": Object {
                                    "backgroundColor": "#f7f7f7",
                                  },
                                  "toggleElement": Object {
                                    "backgroundColor": "#425579",
                                    "borderColor": "#e2e2e2",
                                    "fontColor": "#ffffff",
                                    "secondaryBackgroundColor": "#ffffff",
                                    "secondaryFontColor": "#9d9d9d",
                                  },
                                }
                              }
                              style={Object {}}
                            >
                              <StyledInputIcon
                                className=""
                                onClick={[Function]}
                                palette={
                                  Object {
                                    "actionsDropdown": Object {
                                      "backgroundColor": "#3fbaca",
                                      "fontColor": "#ffffff",
                                    },
                                    "anchor": Object {
                                      "disabledFontColor": "#9d9d9d",
                                      "fontColor": "#3fbaca",
                                    },
                                    "button": Object {
                                      "backgroundColor": "#3fbaca",
                                      "disabledBackgroundColor": "#e2e2e2",
                                      "fontColor": "#ffffff",
                                    },
                                    "commonElement": Object {
                                      "backgroundColor": "#ffffff",
                                      "borderColor": "#e2e2e2",
                                      "fontColor": "#293346",
                                    },
                                    "description": Object {
                                      "fontColor": "#9d9d9d",
                                    },
                                    "label": Object {
                                      "fontColor": "#2d2d2d",
                                    },
                                    "layout": Object {
                                      "backgroundColor": "#ffffff",
                                      "borderColor": "#e2e2e2",
                                      "fontColor": "#293346",
                                    },
                                    "main": Object {
                                      "backgroundColor": "#f7f7f7",
                                    },
                                    "toggleElement": Object {
                                      "backgroundColor": "#425579",
                                      "borderColor": "#e2e2e2",
                                      "fontColor": "#ffffff",
                                      "secondaryBackgroundColor": "#ffffff",
                                      "secondaryFontColor": "#9d9d9d",
                                    },
                                  }
                                }
                                style={Object {}}
                              >
                                <Box
                                  className="sc-gKAblj cMavam"
                                  onClick={[Function]}
                                  palette={
                                    Object {
                                      "actionsDropdown": Object {
                                        "backgroundColor": "#3fbaca",
                                        "fontColor": "#ffffff",
                                      },
                                      "anchor": Object {
                                        "disabledFontColor": "#9d9d9d",
                                        "fontColor": "#3fbaca",
                                      },
                                      "button": Object {
                                        "backgroundColor": "#3fbaca",
                                        "disabledBackgroundColor": "#e2e2e2",
                                        "fontColor": "#ffffff",
                                      },
                                      "commonElement": Object {
                                        "backgroundColor": "#ffffff",
                                        "borderColor": "#e2e2e2",
                                        "fontColor": "#293346",
                                      },
                                      "description": Object {
                                        "fontColor": "#9d9d9d",
                                      },
                                      "label": Object {
                                        "fontColor": "#2d2d2d",
                                      },
                                      "layout": Object {
                                        "backgroundColor": "#ffffff",
                                        "borderColor": "#e2e2e2",
                                        "fontColor": "#293346",
                                      },
                                      "main": Object {
                                        "backgroundColor": "#f7f7f7",
                                      },
                                      "toggleElement": Object {
                                        "backgroundColor": "#425579",
                                        "borderColor": "#e2e2e2",
                                        "fontColor": "#ffffff",
                                        "secondaryBackgroundColor": "#ffffff",
                                        "secondaryFontColor": "#9d9d9d",
                                      },
                                    }
                                  }
                                  style={Object {}}
                                >
                                  <Component
                                    className="sc-gKAblj cMavam"
                                    onClick={[Function]}
                                    palette={
                                      Object {
                                        "actionsDropdown": Object {
                                          "backgroundColor": "#3fbaca",
                                          "fontColor": "#ffffff",
                                        },
                                        "anchor": Object {
                                          "disabledFontColor": "#9d9d9d",
                                          "fontColor": "#3fbaca",
                                        },
                                        "button": Object {
                                          "backgroundColor": "#3fbaca",
                                          "disabledBackgroundColor": "#e2e2e2",
                                          "fontColor": "#ffffff",
                                        },
                                        "commonElement": Object {
                                          "backgroundColor": "#ffffff",
                                          "borderColor": "#e2e2e2",
                                          "fontColor": "#293346",
                                        },
                                        "description": Object {
                                          "fontColor": "#9d9d9d",
                                        },
                                        "label": Object {
                                          "fontColor": "#2d2d2d",
                                        },
                                        "layout": Object {
                                          "backgroundColor": "#ffffff",
                                          "borderColor": "#e2e2e2",
                                          "fontColor": "#293346",
                                        },
                                        "main": Object {
                                          "backgroundColor": "#f7f7f7",
                                        },
                                        "toggleElement": Object {
                                          "backgroundColor": "#425579",
                                          "borderColor": "#e2e2e2",
                                          "fontColor": "#ffffff",
                                          "secondaryBackgroundColor": "#ffffff",
                                          "secondaryFontColor": "#9d9d9d",
                                        },
                                      }
                                    }
                                    style={Object {}}
                                  >
                                    <StyledBox
                                      className="sc-gKAblj cMavam"
                                      onClick={[Function]}
                                      palette={
                                        Object {
                                          "actionsDropdown": Object {
                                            "backgroundColor": "#3fbaca",
                                            "fontColor": "#ffffff",
                                          },
                                          "anchor": Object {
                                            "disabledFontColor": "#9d9d9d",
                                            "fontColor": "#3fbaca",
                                          },
                                          "button": Object {
                                            "backgroundColor": "#3fbaca",
                                            "disabledBackgroundColor": "#e2e2e2",
                                            "fontColor": "#ffffff",
                                          },
                                          "commonElement": Object {
                                            "backgroundColor": "#ffffff",
                                            "borderColor": "#e2e2e2",
                                            "fontColor": "#293346",
                                          },
                                          "description": Object {
                                            "fontColor": "#9d9d9d",
                                          },
                                          "label": Object {
                                            "fontColor": "#2d2d2d",
                                          },
                                          "layout": Object {
                                            "backgroundColor": "#ffffff",
                                            "borderColor": "#e2e2e2",
                                            "fontColor": "#293346",
                                          },
                                          "main": Object {
                                            "backgroundColor": "#f7f7f7",
                                          },
                                          "toggleElement": Object {
                                            "backgroundColor": "#425579",
                                            "borderColor": "#e2e2e2",
                                            "fontColor": "#ffffff",
                                            "secondaryBackgroundColor": "#ffffff",
                                            "secondaryFontColor": "#9d9d9d",
                                          },
                                        }
                                      }
                                      style={Object {}}
                                    >
                                      <div
                                        className="sc-bdnylx kBsmpR sc-gKAblj cMavam"
                                        onClick={[Function]}
                                        style={Object {}}
                                      >
                                        emoji_emotions
                                      </div>
                                    </StyledBox>
                                  </Component>
                                </Box>
                              </StyledInputIcon>
                            </Component>
                          </InputIcon>
                        </div>
                      </StyledBox>
                    </Component>
                  </Box>
                </Component>
              </InputEmoji>
              <InputIcon
                className=""
                key="3/.3"
                style={Object {}}
              >
                <Component
                  className=""
                  palette={
                    Object {
                      "actionsDropdown": Object {
                        "backgroundColor": "#3fbaca",
                        "fontColor": "#ffffff",
                      },
                      "anchor": Object {
                        "disabledFontColor": "#9d9d9d",
                        "fontColor": "#3fbaca",
                      },
                      "button": Object {
                        "backgroundColor": "#3fbaca",
                        "disabledBackgroundColor": "#e2e2e2",
                        "fontColor": "#ffffff",
                      },
                      "commonElement": Object {
                        "backgroundColor": "#ffffff",
                        "borderColor": "#e2e2e2",
                        "fontColor": "#293346",
                      },
                      "description": Object {
                        "fontColor": "#9d9d9d",
                      },
                      "label": Object {
                        "fontColor": "#2d2d2d",
                      },
                      "layout": Object {
                        "backgroundColor": "#ffffff",
                        "borderColor": "#e2e2e2",
                        "fontColor": "#293346",
                      },
                      "main": Object {
                        "backgroundColor": "#f7f7f7",
                      },
                      "toggleElement": Object {
                        "backgroundColor": "#425579",
                        "borderColor": "#e2e2e2",
                        "fontColor": "#ffffff",
                        "secondaryBackgroundColor": "#ffffff",
                        "secondaryFontColor": "#9d9d9d",
                      },
                    }
                  }
                  style={Object {}}
                >
                  <StyledInputIcon
                    className=""
                    palette={
                      Object {
                        "actionsDropdown": Object {
                          "backgroundColor": "#3fbaca",
                          "fontColor": "#ffffff",
                        },
                        "anchor": Object {
                          "disabledFontColor": "#9d9d9d",
                          "fontColor": "#3fbaca",
                        },
                        "button": Object {
                          "backgroundColor": "#3fbaca",
                          "disabledBackgroundColor": "#e2e2e2",
                          "fontColor": "#ffffff",
                        },
                        "commonElement": Object {
                          "backgroundColor": "#ffffff",
                          "borderColor": "#e2e2e2",
                          "fontColor": "#293346",
                        },
                        "description": Object {
                          "fontColor": "#9d9d9d",
                        },
                        "label": Object {
                          "fontColor": "#2d2d2d",
                        },
                        "layout": Object {
                          "backgroundColor": "#ffffff",
                          "borderColor": "#e2e2e2",
                          "fontColor": "#293346",
                        },
                        "main": Object {
                          "backgroundColor": "#f7f7f7",
                        },
                        "toggleElement": Object {
                          "backgroundColor": "#425579",
                          "borderColor": "#e2e2e2",
                          "fontColor": "#ffffff",
                          "secondaryBackgroundColor": "#ffffff",
                          "secondaryFontColor": "#9d9d9d",
                        },
                      }
                    }
                    style={Object {}}
                  >
                    <Box
                      className="sc-gKAblj cMavam"
                      palette={
                        Object {
                          "actionsDropdown": Object {
                            "backgroundColor": "#3fbaca",
                            "fontColor": "#ffffff",
                          },
                          "anchor": Object {
                            "disabledFontColor": "#9d9d9d",
                            "fontColor": "#3fbaca",
                          },
                          "button": Object {
                            "backgroundColor": "#3fbaca",
                            "disabledBackgroundColor": "#e2e2e2",
                            "fontColor": "#ffffff",
                          },
                          "commonElement": Object {
                            "backgroundColor": "#ffffff",
                            "borderColor": "#e2e2e2",
                            "fontColor": "#293346",
                          },
                          "description": Object {
                            "fontColor": "#9d9d9d",
                          },
                          "label": Object {
                            "fontColor": "#2d2d2d",
                          },
                          "layout": Object {
                            "backgroundColor": "#ffffff",
                            "borderColor": "#e2e2e2",
                            "fontColor": "#293346",
                          },
                          "main": Object {
                            "backgroundColor": "#f7f7f7",
                          },
                          "toggleElement": Object {
                            "backgroundColor": "#425579",
                            "borderColor": "#e2e2e2",
                            "fontColor": "#ffffff",
                            "secondaryBackgroundColor": "#ffffff",
                            "secondaryFontColor": "#9d9d9d",
                          },
                        }
                      }
                      style={Object {}}
                    >
                      <Component
                        className="sc-gKAblj cMavam"
                        palette={
                          Object {
                            "actionsDropdown": Object {
                              "backgroundColor": "#3fbaca",
                              "fontColor": "#ffffff",
                            },
                            "anchor": Object {
                              "disabledFontColor": "#9d9d9d",
                              "fontColor": "#3fbaca",
                            },
                            "button": Object {
                              "backgroundColor": "#3fbaca",
                              "disabledBackgroundColor": "#e2e2e2",
                              "fontColor": "#ffffff",
                            },
                            "commonElement": Object {
                              "backgroundColor": "#ffffff",
                              "borderColor": "#e2e2e2",
                              "fontColor": "#293346",
                            },
                            "description": Object {
                              "fontColor": "#9d9d9d",
                            },
                            "label": Object {
                              "fontColor": "#2d2d2d",
                            },
                            "layout": Object {
                              "backgroundColor": "#ffffff",
                              "borderColor": "#e2e2e2",
                              "fontColor": "#293346",
                            },
                            "main": Object {
                              "backgroundColor": "#f7f7f7",
                            },
                            "toggleElement": Object {
                              "backgroundColor": "#425579",
                              "borderColor": "#e2e2e2",
                              "fontColor": "#ffffff",
                              "secondaryBackgroundColor": "#ffffff",
                              "secondaryFontColor": "#9d9d9d",
                            },
                          }
                        }
                        style={Object {}}
                      >
                        <StyledBox
                          className="sc-gKAblj cMavam"
                          palette={
                            Object {
                              "actionsDropdown": Object {
                                "backgroundColor": "#3fbaca",
                                "fontColor": "#ffffff",
                              },
                              "anchor": Object {
                                "disabledFontColor": "#9d9d9d",
                                "fontColor": "#3fbaca",
                              },
                              "button": Object {
                                "backgroundColor": "#3fbaca",
                                "disabledBackgroundColor": "#e2e2e2",
                                "fontColor": "#ffffff",
                              },
                              "commonElement": Object {
                                "backgroundColor": "#ffffff",
                                "borderColor": "#e2e2e2",
                                "fontColor": "#293346",
                              },
                              "description": Object {
                                "fontColor": "#9d9d9d",
                              },
                              "label": Object {
                                "fontColor": "#2d2d2d",
                              },
                              "layout": Object {
                                "backgroundColor": "#ffffff",
                                "borderColor": "#e2e2e2",
                                "fontColor": "#293346",
                              },
                              "main": Object {
                                "backgroundColor": "#f7f7f7",
                              },
                              "toggleElement": Object {
                                "backgroundColor": "#425579",
                                "borderColor": "#e2e2e2",
                                "fontColor": "#ffffff",
                                "secondaryBackgroundColor": "#ffffff",
                                "secondaryFontColor": "#9d9d9d",
                              },
                            }
                          }
                          style={Object {}}
                        >
                          <div
                            className="sc-bdnylx kBsmpR sc-gKAblj cMavam"
                            style={Object {}}
                          >
                            search
                          </div>
                        </StyledBox>
                      </Component>
                    </Box>
                  </StyledInputIcon>
                </Component>
              </InputIcon>
            </div>
          </StyledBox>
        </Component>
      </Box>
    </StyledInputContainer>
  </Component>
</InputContainer>
`;
