// Jest Snapshot v1, https://goo.gl/fbAQLP

exports[`DatePicker renders correctly 1`] = `
<DatePicker
  format="dd/MM/yyyy"
  onChange={[MockFunction]}
  pickerType="date"
  value="01/02/2021"
>
  <MuiPickersUtilsProvider
    utils={[Function]}
  >
    <PickerWithState
      TextFieldComponent={[Function]}
      allowKeyboardControl={true}
      format="dd/MM/yyyy"
      invalidDateMessage="Invalid Date Format"
      maxDate={2100-01-01T00:00:00.000Z}
      maxDateMessage="Date should not be after maximal date"
      minDate={1900-01-01T00:00:00.000Z}
      minDateMessage="Date should not be before minimal date"
      onChange={[MockFunction]}
      openTo="date"
      pickerType="date"
      value="01/02/2021"
      variant="inline"
      views={
        Array [
          "year",
          "date",
        ]
      }
    >
      <Wrapper
        DateInputProps={
          Object {
            "inputValue": "02/01/2021",
            "openPicker": [Function],
            "validationError": "",
          }
        }
        InputComponent={[Function]}
        TextFieldComponent={[Function]}
        format="dd/MM/yyyy"
        onAccept={[Function]}
        onClear={[Function]}
        onDismiss={[Function]}
        onSetToday={[Function]}
        open={false}
        pickerType="date"
        variant="inline"
      >
        <InlineWrapper
          DateInputProps={
            Object {
              "inputValue": "02/01/2021",
              "openPicker": [Function],
              "validationError": "",
            }
          }
          InputComponent={[Function]}
          TextFieldComponent={[Function]}
          format="dd/MM/yyyy"
          onAccept={[Function]}
          onClear={[Function]}
          onDismiss={[Function]}
          onSetToday={[Function]}
          open={false}
          pickerType="date"
        >
          <PureDateInput
            TextFieldComponent={[Function]}
            format="dd/MM/yyyy"
            inputRef={
              Object {
                "current": undefined,
              }
            }
            inputValue="02/01/2021"
            openPicker={[Function]}
            pickerType="date"
            validationError=""
          >
            <renderInput
              InputProps={
                Object {
                  "readOnly": true,
                }
              }
              error={false}
              format="dd/MM/yyyy"
              helperText=""
              inputRef={
                Object {
                  "current": undefined,
                }
              }
              onClick={[Function]}
              onKeyDown={[Function]}
              pickerType="date"
              value="02/01/2021"
            >
              <Input
                InputProps={
                  Object {
                    "readOnly": true,
                  }
                }
                className=""
                error={false}
                format="dd/MM/yyyy"
                helperText=""
                inputRef={
                  Object {
                    "current": undefined,
                  }
                }
                onClick={[Function]}
                onKeyDown={[Function]}
                pickerType="date"
                style={
                  Object {
                    "width": "100%",
                  }
                }
                value="02/01/2021"
              >
                <Component
                  InputProps={
                    Object {
                      "readOnly": true,
                    }
                  }
                  className=""
                  error={false}
                  format="dd/MM/yyyy"
                  helperText=""
                  inputRef={
                    Object {
                      "current": undefined,
                    }
                  }
                  onClick={[Function]}
                  onKeyDown={[Function]}
                  palette={
                    Object {
                      "backgroundColors": Object {
                        "background": "#FAFAFA",
                        "black": "#000000",
                        "checkboxUnselected": "rgba(0, 0, 0, 0.62)",
                        "darkgray1": "#777777",
                        "darkgray2": "#454545",
                        "darkgray3": "#424242",
                        "gray1": "#E0E0E0",
                        "gray2": "#E7E7E7",
                        "medgray1": "#757575",
                        "medgray2": "#888888",
                        "primary1": "#4169E1",
                        "primary2": "#212121",
                        "primary3": "#00796B",
                        "primary4": "#D32F2F",
                        "secondary1": "#2E7D32",
                        "secondary2": "#757575",
                        "secondary3": "#673AB7",
                        "secondary4": "#9C27B0",
                        "secondary5": "#00796B",
                        "secondary6": "#ECF0FC",
                        "text": "#212121",
                        "white": "#FFFFFF",
                      },
                      "borderColors": Object {
                        "background": "#FAFAFA",
                        "black": "#000000",
                        "checkboxUnselected": "rgba(0, 0, 0, 0.62)",
                        "darkgray1": "#777777",
                        "darkgray2": "#454545",
                        "darkgray3": "#424242",
                        "gray1": "#E0E0E0",
                        "gray2": "#E7E7E7",
                        "medgray1": "#757575",
                        "medgray2": "#888888",
                        "primary1": "#4169E1",
                        "primary2": "#212121",
                        "primary3": "#00796B",
                        "primary4": "#D32F2F",
                        "secondary1": "#2E7D32",
                        "secondary2": "#757575",
                        "secondary3": "#673AB7",
                        "secondary4": "#9C27B0",
                        "secondary5": "#00796B",
                        "secondary6": "#ECF0FC",
                        "text": "#212121",
                        "white": "#FFFFFF",
                      },
                      "fontColors": Object {
                        "background": "#FAFAFA",
                        "black": "#000000",
                        "checkboxUnselected": "rgba(0, 0, 0, 0.62)",
                        "darkgray1": "#777777",
                        "darkgray2": "#454545",
                        "darkgray3": "#424242",
                        "gray1": "#E0E0E0",
                        "gray2": "#E7E7E7",
                        "medgray1": "#757575",
                        "medgray2": "#888888",
                        "primary1": "#4169E1",
                        "primary2": "#212121",
                        "primary3": "#00796B",
                        "primary4": "#D32F2F",
                        "secondary1": "#2E7D32",
                        "secondary2": "#757575",
                        "secondary3": "#673AB7",
                        "secondary4": "#9C27B0",
                        "secondary5": "#00796B",
                        "secondary6": "#ECF0FC",
                        "text": "#212121",
                        "white": "#FFFFFF",
                      },
                    }
                  }
                  pickerType="date"
                  style={
                    Object {
                      "width": "100%",
                    }
                  }
                  value="02/01/2021"
                >
                  <StyledInputSolo
                    InputProps={
                      Object {
                        "readOnly": true,
                      }
                    }
                    boxAs="input"
                    className=""
                    error={false}
                    format="dd/MM/yyyy"
                    helperText=""
                    inputRef={
                      Object {
                        "current": undefined,
                      }
                    }
                    onClick={[Function]}
                    onKeyDown={[Function]}
                    palette={
                      Object {
                        "backgroundColors": Object {
                          "background": "#FAFAFA",
                          "black": "#000000",
                          "checkboxUnselected": "rgba(0, 0, 0, 0.62)",
                          "darkgray1": "#777777",
                          "darkgray2": "#454545",
                          "darkgray3": "#424242",
                          "gray1": "#E0E0E0",
                          "gray2": "#E7E7E7",
                          "medgray1": "#757575",
                          "medgray2": "#888888",
                          "primary1": "#4169E1",
                          "primary2": "#212121",
                          "primary3": "#00796B",
                          "primary4": "#D32F2F",
                          "secondary1": "#2E7D32",
                          "secondary2": "#757575",
                          "secondary3": "#673AB7",
                          "secondary4": "#9C27B0",
                          "secondary5": "#00796B",
                          "secondary6": "#ECF0FC",
                          "text": "#212121",
                          "white": "#FFFFFF",
                        },
                        "borderColors": Object {
                          "background": "#FAFAFA",
                          "black": "#000000",
                          "checkboxUnselected": "rgba(0, 0, 0, 0.62)",
                          "darkgray1": "#777777",
                          "darkgray2": "#454545",
                          "darkgray3": "#424242",
                          "gray1": "#E0E0E0",
                          "gray2": "#E7E7E7",
                          "medgray1": "#757575",
                          "medgray2": "#888888",
                          "primary1": "#4169E1",
                          "primary2": "#212121",
                          "primary3": "#00796B",
                          "primary4": "#D32F2F",
                          "secondary1": "#2E7D32",
                          "secondary2": "#757575",
                          "secondary3": "#673AB7",
                          "secondary4": "#9C27B0",
                          "secondary5": "#00796B",
                          "secondary6": "#ECF0FC",
                          "text": "#212121",
                          "white": "#FFFFFF",
                        },
                        "fontColors": Object {
                          "background": "#FAFAFA",
                          "black": "#000000",
                          "checkboxUnselected": "rgba(0, 0, 0, 0.62)",
                          "darkgray1": "#777777",
                          "darkgray2": "#454545",
                          "darkgray3": "#424242",
                          "gray1": "#E0E0E0",
                          "gray2": "#E7E7E7",
                          "medgray1": "#757575",
                          "medgray2": "#888888",
                          "primary1": "#4169E1",
                          "primary2": "#212121",
                          "primary3": "#00796B",
                          "primary4": "#D32F2F",
                          "secondary1": "#2E7D32",
                          "secondary2": "#757575",
                          "secondary3": "#673AB7",
                          "secondary4": "#9C27B0",
                          "secondary5": "#00796B",
                          "secondary6": "#ECF0FC",
                          "text": "#212121",
                          "white": "#FFFFFF",
                        },
                      }
                    }
                    pickerType="date"
                    style={
                      Object {
                        "width": "100%",
                      }
                    }
                    value="02/01/2021"
                  >
                    <Box
                      InputProps={
                        Object {
                          "readOnly": true,
                        }
                      }
                      boxAs="input"
                      className="sc-eCApGN sc-jSFkmK fQlSyR kGAihP"
                      error={false}
                      format="dd/MM/yyyy"
                      helperText=""
                      inputRef={
                        Object {
                          "current": undefined,
                        }
                      }
                      onClick={[Function]}
                      onKeyDown={[Function]}
                      palette={
                        Object {
                          "backgroundColors": Object {
                            "background": "#FAFAFA",
                            "black": "#000000",
                            "checkboxUnselected": "rgba(0, 0, 0, 0.62)",
                            "darkgray1": "#777777",
                            "darkgray2": "#454545",
                            "darkgray3": "#424242",
                            "gray1": "#E0E0E0",
                            "gray2": "#E7E7E7",
                            "medgray1": "#757575",
                            "medgray2": "#888888",
                            "primary1": "#4169E1",
                            "primary2": "#212121",
                            "primary3": "#00796B",
                            "primary4": "#D32F2F",
                            "secondary1": "#2E7D32",
                            "secondary2": "#757575",
                            "secondary3": "#673AB7",
                            "secondary4": "#9C27B0",
                            "secondary5": "#00796B",
                            "secondary6": "#ECF0FC",
                            "text": "#212121",
                            "white": "#FFFFFF",
                          },
                          "borderColors": Object {
                            "background": "#FAFAFA",
                            "black": "#000000",
                            "checkboxUnselected": "rgba(0, 0, 0, 0.62)",
                            "darkgray1": "#777777",
                            "darkgray2": "#454545",
                            "darkgray3": "#424242",
                            "gray1": "#E0E0E0",
                            "gray2": "#E7E7E7",
                            "medgray1": "#757575",
                            "medgray2": "#888888",
                            "primary1": "#4169E1",
                            "primary2": "#212121",
                            "primary3": "#00796B",
                            "primary4": "#D32F2F",
                            "secondary1": "#2E7D32",
                            "secondary2": "#757575",
                            "secondary3": "#673AB7",
                            "secondary4": "#9C27B0",
                            "secondary5": "#00796B",
                            "secondary6": "#ECF0FC",
                            "text": "#212121",
                            "white": "#FFFFFF",
                          },
                          "fontColors": Object {
                            "background": "#FAFAFA",
                            "black": "#000000",
                            "checkboxUnselected": "rgba(0, 0, 0, 0.62)",
                            "darkgray1": "#777777",
                            "darkgray2": "#454545",
                            "darkgray3": "#424242",
                            "gray1": "#E0E0E0",
                            "gray2": "#E7E7E7",
                            "medgray1": "#757575",
                            "medgray2": "#888888",
                            "primary1": "#4169E1",
                            "primary2": "#212121",
                            "primary3": "#00796B",
                            "primary4": "#D32F2F",
                            "secondary1": "#2E7D32",
                            "secondary2": "#757575",
                            "secondary3": "#673AB7",
                            "secondary4": "#9C27B0",
                            "secondary5": "#00796B",
                            "secondary6": "#ECF0FC",
                            "text": "#212121",
                            "white": "#FFFFFF",
                          },
                        }
                      }
                      pickerType="date"
                      style={
                        Object {
                          "width": "100%",
                        }
                      }
                      transition="0.2s all"
                      value="02/01/2021"
                    >
                      <Component
                        InputProps={
                          Object {
                            "readOnly": true,
                          }
                        }
                        boxAs="input"
                        className="sc-eCApGN sc-jSFkmK fQlSyR kGAihP"
                        error={false}
                        format="dd/MM/yyyy"
                        helperText=""
                        inputRef={
                          Object {
                            "current": undefined,
                          }
                        }
                        onClick={[Function]}
                        onKeyDown={[Function]}
                        palette={
                          Object {
                            "backgroundColors": Object {
                              "background": "#FAFAFA",
                              "black": "#000000",
                              "checkboxUnselected": "rgba(0, 0, 0, 0.62)",
                              "darkgray1": "#777777",
                              "darkgray2": "#454545",
                              "darkgray3": "#424242",
                              "gray1": "#E0E0E0",
                              "gray2": "#E7E7E7",
                              "medgray1": "#757575",
                              "medgray2": "#888888",
                              "primary1": "#4169E1",
                              "primary2": "#212121",
                              "primary3": "#00796B",
                              "primary4": "#D32F2F",
                              "secondary1": "#2E7D32",
                              "secondary2": "#757575",
                              "secondary3": "#673AB7",
                              "secondary4": "#9C27B0",
                              "secondary5": "#00796B",
                              "secondary6": "#ECF0FC",
                              "text": "#212121",
                              "white": "#FFFFFF",
                            },
                            "borderColors": Object {
                              "background": "#FAFAFA",
                              "black": "#000000",
                              "checkboxUnselected": "rgba(0, 0, 0, 0.62)",
                              "darkgray1": "#777777",
                              "darkgray2": "#454545",
                              "darkgray3": "#424242",
                              "gray1": "#E0E0E0",
                              "gray2": "#E7E7E7",
                              "medgray1": "#757575",
                              "medgray2": "#888888",
                              "primary1": "#4169E1",
                              "primary2": "#212121",
                              "primary3": "#00796B",
                              "primary4": "#D32F2F",
                              "secondary1": "#2E7D32",
                              "secondary2": "#757575",
                              "secondary3": "#673AB7",
                              "secondary4": "#9C27B0",
                              "secondary5": "#00796B",
                              "secondary6": "#ECF0FC",
                              "text": "#212121",
                              "white": "#FFFFFF",
                            },
                            "fontColors": Object {
                              "background": "#FAFAFA",
                              "black": "#000000",
                              "checkboxUnselected": "rgba(0, 0, 0, 0.62)",
                              "darkgray1": "#777777",
                              "darkgray2": "#454545",
                              "darkgray3": "#424242",
                              "gray1": "#E0E0E0",
                              "gray2": "#E7E7E7",
                              "medgray1": "#757575",
                              "medgray2": "#888888",
                              "primary1": "#4169E1",
                              "primary2": "#212121",
                              "primary3": "#00796B",
                              "primary4": "#D32F2F",
                              "secondary1": "#2E7D32",
                              "secondary2": "#757575",
                              "secondary3": "#673AB7",
                              "secondary4": "#9C27B0",
                              "secondary5": "#00796B",
                              "secondary6": "#ECF0FC",
                              "text": "#212121",
                              "white": "#FFFFFF",
                            },
                          }
                        }
                        pickerType="date"
                        style={
                          Object {
                            "width": "100%",
                          }
                        }
                        transition="0.2s all"
                        value="02/01/2021"
                      >
                        <StyledBox
                          InputProps={
                            Object {
                              "readOnly": true,
                            }
                          }
                          as="input"
                          boxAs="input"
                          className="sc-eCApGN sc-jSFkmK fQlSyR kGAihP"
                          error={false}
                          format="dd/MM/yyyy"
                          helperText=""
                          inputRef={
                            Object {
                              "current": undefined,
                            }
                          }
                          onClick={[Function]}
                          onKeyDown={[Function]}
                          palette={
                            Object {
                              "backgroundColors": Object {
                                "background": "#FAFAFA",
                                "black": "#000000",
                                "checkboxUnselected": "rgba(0, 0, 0, 0.62)",
                                "darkgray1": "#777777",
                                "darkgray2": "#454545",
                                "darkgray3": "#424242",
                                "gray1": "#E0E0E0",
                                "gray2": "#E7E7E7",
                                "medgray1": "#757575",
                                "medgray2": "#888888",
                                "primary1": "#4169E1",
                                "primary2": "#212121",
                                "primary3": "#00796B",
                                "primary4": "#D32F2F",
                                "secondary1": "#2E7D32",
                                "secondary2": "#757575",
                                "secondary3": "#673AB7",
                                "secondary4": "#9C27B0",
                                "secondary5": "#00796B",
                                "secondary6": "#ECF0FC",
                                "text": "#212121",
                                "white": "#FFFFFF",
                              },
                              "borderColors": Object {
                                "background": "#FAFAFA",
                                "black": "#000000",
                                "checkboxUnselected": "rgba(0, 0, 0, 0.62)",
                                "darkgray1": "#777777",
                                "darkgray2": "#454545",
                                "darkgray3": "#424242",
                                "gray1": "#E0E0E0",
                                "gray2": "#E7E7E7",
                                "medgray1": "#757575",
                                "medgray2": "#888888",
                                "primary1": "#4169E1",
                                "primary2": "#212121",
                                "primary3": "#00796B",
                                "primary4": "#D32F2F",
                                "secondary1": "#2E7D32",
                                "secondary2": "#757575",
                                "secondary3": "#673AB7",
                                "secondary4": "#9C27B0",
                                "secondary5": "#00796B",
                                "secondary6": "#ECF0FC",
                                "text": "#212121",
                                "white": "#FFFFFF",
                              },
                              "fontColors": Object {
                                "background": "#FAFAFA",
                                "black": "#000000",
                                "checkboxUnselected": "rgba(0, 0, 0, 0.62)",
                                "darkgray1": "#777777",
                                "darkgray2": "#454545",
                                "darkgray3": "#424242",
                                "gray1": "#E0E0E0",
                                "gray2": "#E7E7E7",
                                "medgray1": "#757575",
                                "medgray2": "#888888",
                                "primary1": "#4169E1",
                                "primary2": "#212121",
                                "primary3": "#00796B",
                                "primary4": "#D32F2F",
                                "secondary1": "#2E7D32",
                                "secondary2": "#757575",
                                "secondary3": "#673AB7",
                                "secondary4": "#9C27B0",
                                "secondary5": "#00796B",
                                "secondary6": "#ECF0FC",
                                "text": "#212121",
                                "white": "#FFFFFF",
                              },
                            }
                          }
                          pickerType="date"
                          style={
                            Object {
                              "width": "100%",
                            }
                          }
                          transition="0.2s all"
                          value="02/01/2021"
                        >
                          <input
                            className="sc-bdnylx jrLcJL sc-eCApGN sc-jSFkmK fQlSyR kGAihP"
                            format="dd/MM/yyyy"
                            onClick={[Function]}
                            onKeyDown={[Function]}
                            style={
                              Object {
                                "width": "100%",
                              }
                            }
                            value="02/01/2021"
                          />
                        </StyledBox>
                      </Component>
                    </Box>
                  </StyledInputSolo>
                </Component>
              </Input>
            </renderInput>
          </PureDateInput>
          <WithStyles(ForwardRef(Popover))
            anchorOrigin={
              Object {
                "horizontal": "center",
                "vertical": "bottom",
              }
            }
            onClose={[Function]}
            open={false}
            transformOrigin={
              Object {
                "horizontal": "center",
                "vertical": "top",
              }
            }
          >
            <ForwardRef(Popover)
              anchorOrigin={
                Object {
                  "horizontal": "center",
                  "vertical": "bottom",
                }
              }
              classes={
                Object {
                  "paper": "MuiPopover-paper",
                  "root": "MuiPopover-root",
                }
              }
              onClose={[Function]}
              open={false}
              transformOrigin={
                Object {
                  "horizontal": "center",
                  "vertical": "top",
                }
              }
            >
              <ForwardRef(Modal)
                BackdropProps={
                  Object {
                    "invisible": true,
                  }
                }
                className="MuiPopover-root"
                onClose={[Function]}
                open={false}
              />
            </ForwardRef(Popover)>
          </WithStyles(ForwardRef(Popover))>
        </InlineWrapper>
      </Wrapper>
    </PickerWithState>
  </MuiPickersUtilsProvider>
</DatePicker>
`;
