// Jest Snapshot v1, https://goo.gl/fbAQLP

exports[`Layout renders correctly 1`] = `
<Layout
  className=""
  spacing={15}
  style={Object {}}
>
  <Component
    className=""
    palette={
      Object {
        "backgroundColors": Object {
          "button": "#3fbaca",
          "common": "#ffffff",
          "disabledButton": "#e2e2e2",
          "main": "#f7f7f7",
          "secondaryToggle": "#ffffff",
          "toggle": "#425579",
        },
        "borderColors": Object {
          "common": "#e2e2e2",
        },
        "fontColors": Object {
          "anchor": "#3fbaca",
          "button": "#ffffff",
          "common": "#293346",
          "description": "#9d9d9d",
          "disabledAnchor": "#9d9d9d",
          "label": "#2d2d2d",
          "secondaryToggle": "#9d9d9d",
          "toggle": "#ffffff",
        },
      }
    }
    spacing={15}
    style={Object {}}
  >
    <StyledLayout
      className=""
      palette={
        Object {
          "backgroundColors": Object {
            "button": "#3fbaca",
            "common": "#ffffff",
            "disabledButton": "#e2e2e2",
            "main": "#f7f7f7",
            "secondaryToggle": "#ffffff",
            "toggle": "#425579",
          },
          "borderColors": Object {
            "common": "#e2e2e2",
          },
          "fontColors": Object {
            "anchor": "#3fbaca",
            "button": "#ffffff",
            "common": "#293346",
            "description": "#9d9d9d",
            "disabledAnchor": "#9d9d9d",
            "label": "#2d2d2d",
            "secondaryToggle": "#9d9d9d",
            "toggle": "#ffffff",
          },
        }
      }
      spacing={15}
      style={Object {}}
    >
      <Box
        className="sc-gtssRu jrgeJz"
        palette={
          Object {
            "backgroundColors": Object {
              "button": "#3fbaca",
              "common": "#ffffff",
              "disabledButton": "#e2e2e2",
              "main": "#f7f7f7",
              "secondaryToggle": "#ffffff",
              "toggle": "#425579",
            },
            "borderColors": Object {
              "common": "#e2e2e2",
            },
            "fontColors": Object {
              "anchor": "#3fbaca",
              "button": "#ffffff",
              "common": "#293346",
              "description": "#9d9d9d",
              "disabledAnchor": "#9d9d9d",
              "label": "#2d2d2d",
              "secondaryToggle": "#9d9d9d",
              "toggle": "#ffffff",
            },
          }
        }
        spacing={15}
        style={Object {}}
      >
        <Component
          className="sc-gtssRu jrgeJz"
          palette={
            Object {
              "backgroundColors": Object {
                "button": "#3fbaca",
                "common": "#ffffff",
                "disabledButton": "#e2e2e2",
                "main": "#f7f7f7",
                "secondaryToggle": "#ffffff",
                "toggle": "#425579",
              },
              "borderColors": Object {
                "common": "#e2e2e2",
              },
              "fontColors": Object {
                "anchor": "#3fbaca",
                "button": "#ffffff",
                "common": "#293346",
                "description": "#9d9d9d",
                "disabledAnchor": "#9d9d9d",
                "label": "#2d2d2d",
                "secondaryToggle": "#9d9d9d",
                "toggle": "#ffffff",
              },
            }
          }
          spacing={15}
          style={Object {}}
        >
          <StyledBox
            className="sc-gtssRu jrgeJz"
            palette={
              Object {
                "backgroundColors": Object {
                  "button": "#3fbaca",
                  "common": "#ffffff",
                  "disabledButton": "#e2e2e2",
                  "main": "#f7f7f7",
                  "secondaryToggle": "#ffffff",
                  "toggle": "#425579",
                },
                "borderColors": Object {
                  "common": "#e2e2e2",
                },
                "fontColors": Object {
                  "anchor": "#3fbaca",
                  "button": "#ffffff",
                  "common": "#293346",
                  "description": "#9d9d9d",
                  "disabledAnchor": "#9d9d9d",
                  "label": "#2d2d2d",
                  "secondaryToggle": "#9d9d9d",
                  "toggle": "#ffffff",
                },
              }
            }
            spacing={15}
            style={Object {}}
          >
            <div
              className="sc-bdnylx sJSbd sc-gtssRu jrgeJz"
              spacing={15}
              style={Object {}}
            >
              <Box
                boxShadow="md"
                className=""
                p={30}
                round="sm"
                style={Object {}}
              >
                <Component
                  boxShadow="md"
                  className=""
                  p={30}
                  palette={
                    Object {
                      "backgroundColors": Object {
                        "button": "#3fbaca",
                        "common": "#ffffff",
                        "disabledButton": "#e2e2e2",
                        "main": "#f7f7f7",
                        "secondaryToggle": "#ffffff",
                        "toggle": "#425579",
                      },
                      "borderColors": Object {
                        "common": "#e2e2e2",
                      },
                      "fontColors": Object {
                        "anchor": "#3fbaca",
                        "button": "#ffffff",
                        "common": "#293346",
                        "description": "#9d9d9d",
                        "disabledAnchor": "#9d9d9d",
                        "label": "#2d2d2d",
                        "secondaryToggle": "#9d9d9d",
                        "toggle": "#ffffff",
                      },
                    }
                  }
                  round="sm"
                  style={Object {}}
                >
                  <StyledBox
                    boxShadow="md"
                    className=""
                    p={30}
                    palette={
                      Object {
                        "backgroundColors": Object {
                          "button": "#3fbaca",
                          "common": "#ffffff",
                          "disabledButton": "#e2e2e2",
                          "main": "#f7f7f7",
                          "secondaryToggle": "#ffffff",
                          "toggle": "#425579",
                        },
                        "borderColors": Object {
                          "common": "#e2e2e2",
                        },
                        "fontColors": Object {
                          "anchor": "#3fbaca",
                          "button": "#ffffff",
                          "common": "#293346",
                          "description": "#9d9d9d",
                          "disabledAnchor": "#9d9d9d",
                          "label": "#2d2d2d",
                          "secondaryToggle": "#9d9d9d",
                          "toggle": "#ffffff",
                        },
                      }
                    }
                    round="sm"
                    style={Object {}}
                  >
                    <div
                      className="sc-bdnylx eNedGq"
                      style={Object {}}
                    >
                      Box
                    </div>
                  </StyledBox>
                </Component>
              </Box>
              <Box
                boxShadow="md"
                className=""
                p={30}
                round="sm"
                style={Object {}}
              >
                <Component
                  boxShadow="md"
                  className=""
                  p={30}
                  palette={
                    Object {
                      "backgroundColors": Object {
                        "button": "#3fbaca",
                        "common": "#ffffff",
                        "disabledButton": "#e2e2e2",
                        "main": "#f7f7f7",
                        "secondaryToggle": "#ffffff",
                        "toggle": "#425579",
                      },
                      "borderColors": Object {
                        "common": "#e2e2e2",
                      },
                      "fontColors": Object {
                        "anchor": "#3fbaca",
                        "button": "#ffffff",
                        "common": "#293346",
                        "description": "#9d9d9d",
                        "disabledAnchor": "#9d9d9d",
                        "label": "#2d2d2d",
                        "secondaryToggle": "#9d9d9d",
                        "toggle": "#ffffff",
                      },
                    }
                  }
                  round="sm"
                  style={Object {}}
                >
                  <StyledBox
                    boxShadow="md"
                    className=""
                    p={30}
                    palette={
                      Object {
                        "backgroundColors": Object {
                          "button": "#3fbaca",
                          "common": "#ffffff",
                          "disabledButton": "#e2e2e2",
                          "main": "#f7f7f7",
                          "secondaryToggle": "#ffffff",
                          "toggle": "#425579",
                        },
                        "borderColors": Object {
                          "common": "#e2e2e2",
                        },
                        "fontColors": Object {
                          "anchor": "#3fbaca",
                          "button": "#ffffff",
                          "common": "#293346",
                          "description": "#9d9d9d",
                          "disabledAnchor": "#9d9d9d",
                          "label": "#2d2d2d",
                          "secondaryToggle": "#9d9d9d",
                          "toggle": "#ffffff",
                        },
                      }
                    }
                    round="sm"
                    style={Object {}}
                  >
                    <div
                      className="sc-bdnylx eNedGq"
                      style={Object {}}
                    >
                      Box
                    </div>
                  </StyledBox>
                </Component>
              </Box>
              <Box
                boxShadow="md"
                className=""
                p={30}
                round="sm"
                style={Object {}}
              >
                <Component
                  boxShadow="md"
                  className=""
                  p={30}
                  palette={
                    Object {
                      "backgroundColors": Object {
                        "button": "#3fbaca",
                        "common": "#ffffff",
                        "disabledButton": "#e2e2e2",
                        "main": "#f7f7f7",
                        "secondaryToggle": "#ffffff",
                        "toggle": "#425579",
                      },
                      "borderColors": Object {
                        "common": "#e2e2e2",
                      },
                      "fontColors": Object {
                        "anchor": "#3fbaca",
                        "button": "#ffffff",
                        "common": "#293346",
                        "description": "#9d9d9d",
                        "disabledAnchor": "#9d9d9d",
                        "label": "#2d2d2d",
                        "secondaryToggle": "#9d9d9d",
                        "toggle": "#ffffff",
                      },
                    }
                  }
                  round="sm"
                  style={Object {}}
                >
                  <StyledBox
                    boxShadow="md"
                    className=""
                    p={30}
                    palette={
                      Object {
                        "backgroundColors": Object {
                          "button": "#3fbaca",
                          "common": "#ffffff",
                          "disabledButton": "#e2e2e2",
                          "main": "#f7f7f7",
                          "secondaryToggle": "#ffffff",
                          "toggle": "#425579",
                        },
                        "borderColors": Object {
                          "common": "#e2e2e2",
                        },
                        "fontColors": Object {
                          "anchor": "#3fbaca",
                          "button": "#ffffff",
                          "common": "#293346",
                          "description": "#9d9d9d",
                          "disabledAnchor": "#9d9d9d",
                          "label": "#2d2d2d",
                          "secondaryToggle": "#9d9d9d",
                          "toggle": "#ffffff",
                        },
                      }
                    }
                    round="sm"
                    style={Object {}}
                  >
                    <div
                      className="sc-bdnylx eNedGq"
                      style={Object {}}
                    >
                      Box
                    </div>
                  </StyledBox>
                </Component>
              </Box>
              <Box
                boxShadow="md"
                className=""
                p={30}
                round="sm"
                style={Object {}}
              >
                <Component
                  boxShadow="md"
                  className=""
                  p={30}
                  palette={
                    Object {
                      "backgroundColors": Object {
                        "button": "#3fbaca",
                        "common": "#ffffff",
                        "disabledButton": "#e2e2e2",
                        "main": "#f7f7f7",
                        "secondaryToggle": "#ffffff",
                        "toggle": "#425579",
                      },
                      "borderColors": Object {
                        "common": "#e2e2e2",
                      },
                      "fontColors": Object {
                        "anchor": "#3fbaca",
                        "button": "#ffffff",
                        "common": "#293346",
                        "description": "#9d9d9d",
                        "disabledAnchor": "#9d9d9d",
                        "label": "#2d2d2d",
                        "secondaryToggle": "#9d9d9d",
                        "toggle": "#ffffff",
                      },
                    }
                  }
                  round="sm"
                  style={Object {}}
                >
                  <StyledBox
                    boxShadow="md"
                    className=""
                    p={30}
                    palette={
                      Object {
                        "backgroundColors": Object {
                          "button": "#3fbaca",
                          "common": "#ffffff",
                          "disabledButton": "#e2e2e2",
                          "main": "#f7f7f7",
                          "secondaryToggle": "#ffffff",
                          "toggle": "#425579",
                        },
                        "borderColors": Object {
                          "common": "#e2e2e2",
                        },
                        "fontColors": Object {
                          "anchor": "#3fbaca",
                          "button": "#ffffff",
                          "common": "#293346",
                          "description": "#9d9d9d",
                          "disabledAnchor": "#9d9d9d",
                          "label": "#2d2d2d",
                          "secondaryToggle": "#9d9d9d",
                          "toggle": "#ffffff",
                        },
                      }
                    }
                    round="sm"
                    style={Object {}}
                  >
                    <div
                      className="sc-bdnylx eNedGq"
                      style={Object {}}
                    >
                      Box
                    </div>
                  </StyledBox>
                </Component>
              </Box>
              <Box
                boxShadow="md"
                className=""
                p={30}
                round="sm"
                style={Object {}}
              >
                <Component
                  boxShadow="md"
                  className=""
                  p={30}
                  palette={
                    Object {
                      "backgroundColors": Object {
                        "button": "#3fbaca",
                        "common": "#ffffff",
                        "disabledButton": "#e2e2e2",
                        "main": "#f7f7f7",
                        "secondaryToggle": "#ffffff",
                        "toggle": "#425579",
                      },
                      "borderColors": Object {
                        "common": "#e2e2e2",
                      },
                      "fontColors": Object {
                        "anchor": "#3fbaca",
                        "button": "#ffffff",
                        "common": "#293346",
                        "description": "#9d9d9d",
                        "disabledAnchor": "#9d9d9d",
                        "label": "#2d2d2d",
                        "secondaryToggle": "#9d9d9d",
                        "toggle": "#ffffff",
                      },
                    }
                  }
                  round="sm"
                  style={Object {}}
                >
                  <StyledBox
                    boxShadow="md"
                    className=""
                    p={30}
                    palette={
                      Object {
                        "backgroundColors": Object {
                          "button": "#3fbaca",
                          "common": "#ffffff",
                          "disabledButton": "#e2e2e2",
                          "main": "#f7f7f7",
                          "secondaryToggle": "#ffffff",
                          "toggle": "#425579",
                        },
                        "borderColors": Object {
                          "common": "#e2e2e2",
                        },
                        "fontColors": Object {
                          "anchor": "#3fbaca",
                          "button": "#ffffff",
                          "common": "#293346",
                          "description": "#9d9d9d",
                          "disabledAnchor": "#9d9d9d",
                          "label": "#2d2d2d",
                          "secondaryToggle": "#9d9d9d",
                          "toggle": "#ffffff",
                        },
                      }
                    }
                    round="sm"
                    style={Object {}}
                  >
                    <div
                      className="sc-bdnylx eNedGq"
                      style={Object {}}
                    >
                      Box
                    </div>
                  </StyledBox>
                </Component>
              </Box>
              <Box
                boxShadow="md"
                className=""
                p={30}
                round="sm"
                style={Object {}}
              >
                <Component
                  boxShadow="md"
                  className=""
                  p={30}
                  palette={
                    Object {
                      "backgroundColors": Object {
                        "button": "#3fbaca",
                        "common": "#ffffff",
                        "disabledButton": "#e2e2e2",
                        "main": "#f7f7f7",
                        "secondaryToggle": "#ffffff",
                        "toggle": "#425579",
                      },
                      "borderColors": Object {
                        "common": "#e2e2e2",
                      },
                      "fontColors": Object {
                        "anchor": "#3fbaca",
                        "button": "#ffffff",
                        "common": "#293346",
                        "description": "#9d9d9d",
                        "disabledAnchor": "#9d9d9d",
                        "label": "#2d2d2d",
                        "secondaryToggle": "#9d9d9d",
                        "toggle": "#ffffff",
                      },
                    }
                  }
                  round="sm"
                  style={Object {}}
                >
                  <StyledBox
                    boxShadow="md"
                    className=""
                    p={30}
                    palette={
                      Object {
                        "backgroundColors": Object {
                          "button": "#3fbaca",
                          "common": "#ffffff",
                          "disabledButton": "#e2e2e2",
                          "main": "#f7f7f7",
                          "secondaryToggle": "#ffffff",
                          "toggle": "#425579",
                        },
                        "borderColors": Object {
                          "common": "#e2e2e2",
                        },
                        "fontColors": Object {
                          "anchor": "#3fbaca",
                          "button": "#ffffff",
                          "common": "#293346",
                          "description": "#9d9d9d",
                          "disabledAnchor": "#9d9d9d",
                          "label": "#2d2d2d",
                          "secondaryToggle": "#9d9d9d",
                          "toggle": "#ffffff",
                        },
                      }
                    }
                    round="sm"
                    style={Object {}}
                  >
                    <div
                      className="sc-bdnylx eNedGq"
                      style={Object {}}
                    >
                      Box
                    </div>
                  </StyledBox>
                </Component>
              </Box>
              <Box
                boxShadow="md"
                className=""
                p={30}
                round="sm"
                style={Object {}}
              >
                <Component
                  boxShadow="md"
                  className=""
                  p={30}
                  palette={
                    Object {
                      "backgroundColors": Object {
                        "button": "#3fbaca",
                        "common": "#ffffff",
                        "disabledButton": "#e2e2e2",
                        "main": "#f7f7f7",
                        "secondaryToggle": "#ffffff",
                        "toggle": "#425579",
                      },
                      "borderColors": Object {
                        "common": "#e2e2e2",
                      },
                      "fontColors": Object {
                        "anchor": "#3fbaca",
                        "button": "#ffffff",
                        "common": "#293346",
                        "description": "#9d9d9d",
                        "disabledAnchor": "#9d9d9d",
                        "label": "#2d2d2d",
                        "secondaryToggle": "#9d9d9d",
                        "toggle": "#ffffff",
                      },
                    }
                  }
                  round="sm"
                  style={Object {}}
                >
                  <StyledBox
                    boxShadow="md"
                    className=""
                    p={30}
                    palette={
                      Object {
                        "backgroundColors": Object {
                          "button": "#3fbaca",
                          "common": "#ffffff",
                          "disabledButton": "#e2e2e2",
                          "main": "#f7f7f7",
                          "secondaryToggle": "#ffffff",
                          "toggle": "#425579",
                        },
                        "borderColors": Object {
                          "common": "#e2e2e2",
                        },
                        "fontColors": Object {
                          "anchor": "#3fbaca",
                          "button": "#ffffff",
                          "common": "#293346",
                          "description": "#9d9d9d",
                          "disabledAnchor": "#9d9d9d",
                          "label": "#2d2d2d",
                          "secondaryToggle": "#9d9d9d",
                          "toggle": "#ffffff",
                        },
                      }
                    }
                    round="sm"
                    style={Object {}}
                  >
                    <div
                      className="sc-bdnylx eNedGq"
                      style={Object {}}
                    >
                      Box
                    </div>
                  </StyledBox>
                </Component>
              </Box>
              <Box
                boxShadow="md"
                className=""
                p={30}
                round="sm"
                style={Object {}}
              >
                <Component
                  boxShadow="md"
                  className=""
                  p={30}
                  palette={
                    Object {
                      "backgroundColors": Object {
                        "button": "#3fbaca",
                        "common": "#ffffff",
                        "disabledButton": "#e2e2e2",
                        "main": "#f7f7f7",
                        "secondaryToggle": "#ffffff",
                        "toggle": "#425579",
                      },
                      "borderColors": Object {
                        "common": "#e2e2e2",
                      },
                      "fontColors": Object {
                        "anchor": "#3fbaca",
                        "button": "#ffffff",
                        "common": "#293346",
                        "description": "#9d9d9d",
                        "disabledAnchor": "#9d9d9d",
                        "label": "#2d2d2d",
                        "secondaryToggle": "#9d9d9d",
                        "toggle": "#ffffff",
                      },
                    }
                  }
                  round="sm"
                  style={Object {}}
                >
                  <StyledBox
                    boxShadow="md"
                    className=""
                    p={30}
                    palette={
                      Object {
                        "backgroundColors": Object {
                          "button": "#3fbaca",
                          "common": "#ffffff",
                          "disabledButton": "#e2e2e2",
                          "main": "#f7f7f7",
                          "secondaryToggle": "#ffffff",
                          "toggle": "#425579",
                        },
                        "borderColors": Object {
                          "common": "#e2e2e2",
                        },
                        "fontColors": Object {
                          "anchor": "#3fbaca",
                          "button": "#ffffff",
                          "common": "#293346",
                          "description": "#9d9d9d",
                          "disabledAnchor": "#9d9d9d",
                          "label": "#2d2d2d",
                          "secondaryToggle": "#9d9d9d",
                          "toggle": "#ffffff",
                        },
                      }
                    }
                    round="sm"
                    style={Object {}}
                  >
                    <div
                      className="sc-bdnylx eNedGq"
                      style={Object {}}
                    >
                      Box
                    </div>
                  </StyledBox>
                </Component>
              </Box>
            </div>
          </StyledBox>
        </Component>
      </Box>
    </StyledLayout>
  </Component>
</Layout>
`;
