// Jest Snapshot v1, https://goo.gl/fbAQLP

exports[`CheckBox renders CheckBox correctly 1`] = `
<div
  class="sc-aXZVg wLMbT sc-fqkvVR kJqWgz"
>
  <div
    class="sc-aXZVg ecVUqO sc-dcJsrY jHpnYT"
  >
    check_box
  </div>
  <label
    class="sc-aXZVg jGTcGx sc-eqUAAy dmLXvs"
  >
    Normal Checkbox
  </label>
</div>
`;
