// Jest Snapshot v1, https://goo.gl/fbAQLP

exports[`Button renders correctly 1`] = `
<a
  className="button-component-link button-component button inverseButton disabledButton myClass"
  href="www.moosend.com"
  id="button1"
  onClick={[Function]}
  style={
    Object {
      "color": "blue",
    }
  }
>
  Mooskin
</a>
`;
