// Jest Snapshot v1, https://goo.gl/fbAQLP

exports[`TopNotification renders correctly 1`] = `
<div
  className="top-notification-component container successNotification active myClass"
  style={
    Object {
      "color": "blue",
    }
  }
>
  <div
    className="content"
  >
    <div
      className="message"
    >
      <img
        alt=""
        src=""
        style={
          Object {
            "marginRight": 10,
          }
        }
      />
      <span
        className="text"
        style={Object {}}
      >
        notification for you
      </span>
    </div>
    <div
      className="buttonContainer"
    >
      <Button
        className=""
        onClick={[Function]}
        size="md"
        style={
          Object {
            "margin": 6,
          }
        }
        type="button"
      >
        click ok
      </Button>
    </div>
  </div>
  <div
    className="close-notification close"
  >
    <img
      alt=""
      src=""
    />
  </div>
</div>
`;
