// Jest Snapshot v1, https://goo.gl/fbAQLP

exports[`Table renders correctly 1`] = `
<div
  class="sc-aXZVg kITBOQ sc-gsFSXq jAEOCA"
>
  <div
    class="sc-aXZVg kITBOQ sc-kAyceB hNvEZe"
  >
    <div
      class="sc-aXZVg gZQRCE sc-imWYAI eVTVoe"
    >
      <div
        class="sc-aXZVg wLMbT sc-fqkvVR kJqWgz"
        d="flex"
      >
        <div
          class="sc-aXZVg dFqPpi sc-dcJsrY cwbZA"
          color="rgba(0, 0, 0, 0.62)"
          cursor="pointer"
          font-family="Mooskin Icons"
          font-size="23px"
          opacity="1"
        >
          check_box_outline_blank
        </div>
      </div>
    </div>
    <div
      class="sc-aXZVg eJmuDt sc-imWYAI eVTVoe"
    >
      Mailing list name
    </div>
    <div
      class="sc-aXZVg jhYDGm sc-imWYAI eVTVoe"
    >
      SEGMENTS
    </div>
    <div
      class="sc-aXZVg jhYDGm sc-imWYAI eVTVoe"
    >
      Change (last day)
    </div>
    <div
      class="sc-aXZVg jhYDGm sc-imWYAI eVTVoe"
    >
      Active recipients
    </div>
    <div
      class="sc-aXZVg jhYDGm sc-imWYAI eVTVoe"
    >
      Tags
    </div>
    <div
      class="sc-aXZVg dwAQRH sc-imWYAI eVTVoe"
    />
  </div>
  <div
    class="sc-aXZVg kITBOQ sc-jXbUNg gZIyeF"
  >
    <div
      class="sc-aXZVg gZQRCE sc-dhKdcB gmFlos"
    >
      <div
        class="sc-aXZVg eDAqrd sc-fqkvVR kJqWgz"
        d="flex"
      >
        <div
          class="sc-aXZVg dFqPpi sc-dcJsrY cwbZA"
          color="rgba(0, 0, 0, 0.62)"
          cursor="pointer"
          font-family="Mooskin Icons"
          font-size="23px"
          opacity="1"
        >
          check_box_outline_blank
        </div>
      </div>
    </div>
    <div
      class="sc-aXZVg eJmuDt sc-dhKdcB gmFlos"
    >
      Main mailing list #1
    </div>
    <div
      class="sc-aXZVg jhYDGm sc-dhKdcB gmFlos"
    >
      2
    </div>
    <div
      class="sc-aXZVg jhYDGm sc-dhKdcB gmFlos"
    >
      +12
    </div>
    <div
      class="sc-aXZVg jhYDGm sc-dhKdcB gmFlos"
    >
      124,543
    </div>
    <div
      class="sc-aXZVg jhYDGm sc-dhKdcB gmFlos"
    >
      Tags component!
    </div>
    <div
      class="sc-aXZVg dwAQRH sc-dhKdcB gmFlos"
    >
      Actions
    </div>
  </div>
  <div
    class="sc-aXZVg kITBOQ sc-jXbUNg gZIyeF"
  >
    <div
      class="sc-aXZVg gZQRCE sc-dhKdcB gmFlos"
    >
      <div
        class="sc-aXZVg eDAqrd sc-fqkvVR kJqWgz"
        d="flex"
      >
        <div
          class="sc-aXZVg dFqPpi sc-dcJsrY cwbZA"
          color="rgba(0, 0, 0, 0.62)"
          cursor="pointer"
          font-family="Mooskin Icons"
          font-size="23px"
          opacity="1"
        >
          check_box_outline_blank
        </div>
      </div>
    </div>
    <div
      class="sc-aXZVg eJmuDt sc-dhKdcB gmFlos"
    >
      Main mailing list #2
    </div>
    <div
      class="sc-aXZVg jhYDGm sc-dhKdcB gmFlos"
    >
      3
    </div>
    <div
      class="sc-aXZVg jhYDGm sc-dhKdcB gmFlos"
    >
      +7
    </div>
    <div
      class="sc-aXZVg jhYDGm sc-dhKdcB gmFlos"
    >
      80,000
    </div>
    <div
      class="sc-aXZVg jhYDGm sc-dhKdcB gmFlos"
    >
      Tags component!
    </div>
    <div
      class="sc-aXZVg dwAQRH sc-dhKdcB gmFlos"
    >
      Actions
    </div>
  </div>
</div>
`;
