// Jest Snapshot v1, https://goo.gl/fbAQLP

exports[`Radio renders Radio correctly 1`] = `
<Styled(Box)
  className="myClass"
  id="radio1"
  style={
    Object {
      "color": "blue",
    }
  }
>
  <Styled(Box)
    disabled={true}
    onClick={[Function]}
  >
    <Styled(Box)
      selected={true}
    >
      radio_button_checked
    </Styled(Box)>
    <Label
      className=""
      disabled={true}
      minW="unset"
      primaryColor="#2d2d2d"
      style={Object {}}
      width={150}
    >
      This is radio 1
    </Label>
  </Styled(Box)>
</Styled(Box)>
`;

exports[`Radio renders RadioGroup correctly 1`] = `
<Radio
  className="myClass"
  dataLabel="plan"
  id="radio1"
  onChange={[MockFunction]}
  selectedRadios={
    Array [
      Object {
        "label": "Radio1",
        "selected": true,
        "value": "Radio1",
      },
      Object {
        "label": "Radio2",
        "selected": false,
        "value": "Radio2",
      },
      Object {
        "label": "Radio3",
        "selected": false,
        "value": "Radio3",
      },
    ]
  }
  spacing={10}
  style={
    Object {
      "color": "blue",
    }
  }
  title="Select a plan"
  vertical={true}
>
  <Styled(Box)
    className="myClass"
    id="radio1"
    style={
      Object {
        "color": "blue",
      }
    }
  >
    <Box
      className="sc-hKFyIo dNyRkZ myClass"
      id="radio1"
      style={
        Object {
          "color": "blue",
        }
      }
      w="fit-content"
    >
      <styled.div
        className="sc-hKFyIo dNyRkZ myClass"
        id="radio1"
        style={
          Object {
            "color": "blue",
          }
        }
        w="fit-content"
      >
        <div
          className="sc-bdnylx eraKfX sc-hKFyIo dNyRkZ myClass"
          id="radio1"
          style={
            Object {
              "color": "blue",
            }
          }
        >
          <Styled(Box)
            onClick={[Function]}
          >
            <Box
              className="sc-eCApGN klelTq"
              onClick={[Function]}
              style={Object {}}
              w="fit-content"
            >
              <styled.div
                className="sc-eCApGN klelTq"
                onClick={[Function]}
                style={Object {}}
                w="fit-content"
              >
                <div
                  className="sc-bdnylx eraKfX sc-eCApGN klelTq"
                  onClick={[Function]}
                  style={Object {}}
                >
                  <Styled(Box)>
                    <Box
                      className="sc-jSFkmK iJmLqO"
                      style={Object {}}
                      w="fit-content"
                    >
                      <styled.div
                        className="sc-jSFkmK iJmLqO"
                        style={Object {}}
                        w="fit-content"
                      >
                        <div
                          className="sc-bdnylx eraKfX sc-jSFkmK iJmLqO"
                          style={Object {}}
                        >
                          radio_button_unchecked
                        </div>
                      </styled.div>
                    </Box>
                  </Styled(Box)>
                  <Label
                    className=""
                    minW="unset"
                    primaryColor="#2d2d2d"
                    style={Object {}}
                    width={150}
                  >
                    <Styled(Box)
                      className=""
                      minW="unset"
                      onClick={[Function]}
                      primaryColor="#2d2d2d"
                      style={Object {}}
                      width={150}
                    >
                      <Box
                        className="sc-dlnjPT iBFDsY"
                        minW="unset"
                        onClick={[Function]}
                        primaryColor="#2d2d2d"
                        style={Object {}}
                        w="fit-content"
                        width={150}
                      >
                        <styled.div
                          className="sc-dlnjPT iBFDsY"
                          minW="unset"
                          onClick={[Function]}
                          primaryColor="#2d2d2d"
                          style={Object {}}
                          w="fit-content"
                          width={150}
                        >
                          <div
                            className="sc-bdnylx dPtRAu sc-dlnjPT iBFDsY"
                            onClick={[Function]}
                            style={Object {}}
                            width={150}
                          />
                        </styled.div>
                      </Box>
                    </Styled(Box)>
                  </Label>
                </div>
              </styled.div>
            </Box>
          </Styled(Box)>
        </div>
      </styled.div>
    </Box>
  </Styled(Box)>
</Radio>
`;
