// Jest Snapshot v1, https://goo.gl/fbAQLP

exports[`ActionsDropdown renders ActionsDropdown correctly 1`] = `
<ActionsDropdown
  className=""
  onClickItem={[MockFunction]}
  style={Object {}}
>
  <StyledActionsDropdown
    boxShadow="lg"
    className=""
    onClickItem={[MockFunction]}
    style={Object {}}
  >
    <Box
      boxShadow="lg"
      className="sc-gtssRu dXbfhS"
      onClickItem={[MockFunction]}
      style={Object {}}
    >
      <Component
        boxShadow="lg"
        className="sc-gtssRu dXbfhS"
        onClickItem={[MockFunction]}
        style={Object {}}
        theme={
          Object {
            "disabledBackground": "#e2e2e2",
            "disabledfont": "#9d9d9d",
            "inputBackground": "#ffffff",
            "inputBorder": "#e2e2e2",
            "inputFont": "#9d9d9d",
            "label": "#2d2d2d",
            "primary": "#3fbaca",
            "secondary": "#293346",
          }
        }
      >
        <StyledBox
          boxShadow="lg"
          className="sc-gtssRu dXbfhS"
          onClickItem={[MockFunction]}
          style={Object {}}
          theme={
            Object {
              "disabledBackground": "#e2e2e2",
              "disabledfont": "#9d9d9d",
              "inputBackground": "#ffffff",
              "inputBorder": "#e2e2e2",
              "inputFont": "#9d9d9d",
              "label": "#2d2d2d",
              "primary": "#3fbaca",
              "secondary": "#293346",
            }
          }
        >
          <div
            className="sc-bdnylx jDqbCj sc-gtssRu dXbfhS"
            onClickItem={[MockFunction]}
            style={Object {}}
          >
            <ActionsDropdownArrow
              arrowDirection="up"
              className=""
              style={Object {}}
            >
              <StyledActionsDropdownArrow
                arrowDirection="up"
                className=""
                style={Object {}}
              >
                <Box
                  arrowDirection="up"
                  className="sc-hKFyIo wQTUf"
                  style={Object {}}
                >
                  <Component
                    arrowDirection="up"
                    className="sc-hKFyIo wQTUf"
                    style={Object {}}
                    theme={
                      Object {
                        "disabledBackground": "#e2e2e2",
                        "disabledfont": "#9d9d9d",
                        "inputBackground": "#ffffff",
                        "inputBorder": "#e2e2e2",
                        "inputFont": "#9d9d9d",
                        "label": "#2d2d2d",
                        "primary": "#3fbaca",
                        "secondary": "#293346",
                      }
                    }
                  >
                    <StyledBox
                      arrowDirection="up"
                      className="sc-hKFyIo wQTUf"
                      style={Object {}}
                      theme={
                        Object {
                          "disabledBackground": "#e2e2e2",
                          "disabledfont": "#9d9d9d",
                          "inputBackground": "#ffffff",
                          "inputBorder": "#e2e2e2",
                          "inputFont": "#9d9d9d",
                          "label": "#2d2d2d",
                          "primary": "#3fbaca",
                          "secondary": "#293346",
                        }
                      }
                    >
                      <div
                        className="sc-bdnylx dOPKTt sc-hKFyIo wQTUf"
                        style={Object {}}
                      />
                    </StyledBox>
                  </Component>
                </Box>
              </StyledActionsDropdownArrow>
            </ActionsDropdownArrow>
            <ActionsDropdownItem
              className=""
              dataLabel="settings"
              key="0/.0"
              onClick={[Function]}
              style={Object {}}
              value="/settings"
            >
              <StyledActionsDropdownItem
                className=""
                dataLabel="settings"
                onClick={[Function]}
                style={Object {}}
                value="/settings"
              >
                <Box
                  className="sc-dlnjPT fkwhKM"
                  dataLabel="settings"
                  onClick={[Function]}
                  style={Object {}}
                  value="/settings"
                >
                  <Component
                    className="sc-dlnjPT fkwhKM"
                    dataLabel="settings"
                    onClick={[Function]}
                    style={Object {}}
                    theme={
                      Object {
                        "disabledBackground": "#e2e2e2",
                        "disabledfont": "#9d9d9d",
                        "inputBackground": "#ffffff",
                        "inputBorder": "#e2e2e2",
                        "inputFont": "#9d9d9d",
                        "label": "#2d2d2d",
                        "primary": "#3fbaca",
                        "secondary": "#293346",
                      }
                    }
                    value="/settings"
                  >
                    <StyledBox
                      className="sc-dlnjPT fkwhKM"
                      dataLabel="settings"
                      onClick={[Function]}
                      style={Object {}}
                      theme={
                        Object {
                          "disabledBackground": "#e2e2e2",
                          "disabledfont": "#9d9d9d",
                          "inputBackground": "#ffffff",
                          "inputBorder": "#e2e2e2",
                          "inputFont": "#9d9d9d",
                          "label": "#2d2d2d",
                          "primary": "#3fbaca",
                          "secondary": "#293346",
                        }
                      }
                      value="/settings"
                    >
                      <div
                        className="sc-bdnylx dOPKTt sc-dlnjPT fkwhKM"
                        onClick={[Function]}
                        style={Object {}}
                        value="/settings"
                      >
                        Settings
                      </div>
                    </StyledBox>
                  </Component>
                </Box>
              </StyledActionsDropdownItem>
            </ActionsDropdownItem>
            <ActionsDropdownItem
              className=""
              dataLabel="template"
              key="1/.1"
              onClick={[Function]}
              style={Object {}}
              value="/template"
            >
              <StyledActionsDropdownItem
                className=""
                dataLabel="template"
                onClick={[Function]}
                style={Object {}}
                value="/template"
              >
                <Box
                  className="sc-dlnjPT fkwhKM"
                  dataLabel="template"
                  onClick={[Function]}
                  style={Object {}}
                  value="/template"
                >
                  <Component
                    className="sc-dlnjPT fkwhKM"
                    dataLabel="template"
                    onClick={[Function]}
                    style={Object {}}
                    theme={
                      Object {
                        "disabledBackground": "#e2e2e2",
                        "disabledfont": "#9d9d9d",
                        "inputBackground": "#ffffff",
                        "inputBorder": "#e2e2e2",
                        "inputFont": "#9d9d9d",
                        "label": "#2d2d2d",
                        "primary": "#3fbaca",
                        "secondary": "#293346",
                      }
                    }
                    value="/template"
                  >
                    <StyledBox
                      className="sc-dlnjPT fkwhKM"
                      dataLabel="template"
                      onClick={[Function]}
                      style={Object {}}
                      theme={
                        Object {
                          "disabledBackground": "#e2e2e2",
                          "disabledfont": "#9d9d9d",
                          "inputBackground": "#ffffff",
                          "inputBorder": "#e2e2e2",
                          "inputFont": "#9d9d9d",
                          "label": "#2d2d2d",
                          "primary": "#3fbaca",
                          "secondary": "#293346",
                        }
                      }
                      value="/template"
                    >
                      <div
                        className="sc-bdnylx dOPKTt sc-dlnjPT fkwhKM"
                        onClick={[Function]}
                        style={Object {}}
                        value="/template"
                      >
                        Template
                      </div>
                    </StyledBox>
                  </Component>
                </Box>
              </StyledActionsDropdownItem>
            </ActionsDropdownItem>
            <ActionsDropdownItem
              className=""
              dataLabel="preview"
              key="2/.2"
              onClick={[Function]}
              style={Object {}}
              value="/preview"
            >
              <StyledActionsDropdownItem
                className=""
                dataLabel="preview"
                onClick={[Function]}
                style={Object {}}
                value="/preview"
              >
                <Box
                  className="sc-dlnjPT fkwhKM"
                  dataLabel="preview"
                  onClick={[Function]}
                  style={Object {}}
                  value="/preview"
                >
                  <Component
                    className="sc-dlnjPT fkwhKM"
                    dataLabel="preview"
                    onClick={[Function]}
                    style={Object {}}
                    theme={
                      Object {
                        "disabledBackground": "#e2e2e2",
                        "disabledfont": "#9d9d9d",
                        "inputBackground": "#ffffff",
                        "inputBorder": "#e2e2e2",
                        "inputFont": "#9d9d9d",
                        "label": "#2d2d2d",
                        "primary": "#3fbaca",
                        "secondary": "#293346",
                      }
                    }
                    value="/preview"
                  >
                    <StyledBox
                      className="sc-dlnjPT fkwhKM"
                      dataLabel="preview"
                      onClick={[Function]}
                      style={Object {}}
                      theme={
                        Object {
                          "disabledBackground": "#e2e2e2",
                          "disabledfont": "#9d9d9d",
                          "inputBackground": "#ffffff",
                          "inputBorder": "#e2e2e2",
                          "inputFont": "#9d9d9d",
                          "label": "#2d2d2d",
                          "primary": "#3fbaca",
                          "secondary": "#293346",
                        }
                      }
                      value="/preview"
                    >
                      <div
                        className="sc-bdnylx dOPKTt sc-dlnjPT fkwhKM"
                        onClick={[Function]}
                        style={Object {}}
                        value="/preview"
                      >
                        Preview
                      </div>
                    </StyledBox>
                  </Component>
                </Box>
              </StyledActionsDropdownItem>
            </ActionsDropdownItem>
          </div>
        </StyledBox>
      </Component>
    </Box>
  </StyledActionsDropdown>
</ActionsDropdown>
`;

exports[`ActionsDropdown renders ActionsDropdownItem correctly 1`] = `
<StyledActionsDropdownItem
  className="myClass"
  onClick={[MockFunction]}
  style={
    Object {
      "color": "blue",
    }
  }
/>
`;
