// Jest Snapshot v1, https://goo.gl/fbAQLP

exports[`Anchor renders correctly 1`] = `
<Anchor
  className="myClass"
  disabled={true}
  href="www.moosend.com"
  id="Anchor1"
  onClick={[MockFunction]}
  style={
    Object {
      "color": "blue",
    }
  }
  target="_blank"
>
  <Component
    className="myClass"
    disabled={true}
    href="www.moosend.com"
    id="Anchor1"
    onClick={[MockFunction]}
    palette={
      Object {
        "actionsDropdown": Object {
          "backgroundColor": "#3fbaca",
          "fontColor": "#ffffff",
        },
        "anchor": Object {
          "disabledFontColor": "#9d9d9d",
          "fontColor": "#3fbaca",
        },
        "button": Object {
          "backgroundColor": "#3fbaca",
          "disabledBackgroundColor": "#e2e2e2",
          "fontColor": "#ffffff",
        },
        "commonElement": Object {
          "backgroundColor": "#ffffff",
          "borderColor": "#e2e2e2",
          "fontColor": "#293346",
        },
        "description": Object {
          "fontColor": "#9d9d9d",
        },
        "label": Object {
          "fontColor": "#2d2d2d",
        },
        "layout": Object {
          "backgroundColor": "#ffffff",
          "borderColor": "#e2e2e2",
          "fontColor": "#293346",
        },
        "main": Object {
          "backgroundColor": "#f7f7f7",
        },
        "toggleElement": Object {
          "backgroundColor": "#425579",
          "borderColor": "#e2e2e2",
          "fontColor": "#ffffff",
          "secondaryBackgroundColor": "#ffffff",
          "secondaryFontColor": "#9d9d9d",
        },
      }
    }
    style={
      Object {
        "color": "blue",
      }
    }
    target="_blank"
  >
    <StyledAnchor
      boxAs="a"
      className="myClass"
      disabled={true}
      href="www.moosend.com"
      id="Anchor1"
      onClick={[Function]}
      palette={
        Object {
          "actionsDropdown": Object {
            "backgroundColor": "#3fbaca",
            "fontColor": "#ffffff",
          },
          "anchor": Object {
            "disabledFontColor": "#9d9d9d",
            "fontColor": "#3fbaca",
          },
          "button": Object {
            "backgroundColor": "#3fbaca",
            "disabledBackgroundColor": "#e2e2e2",
            "fontColor": "#ffffff",
          },
          "commonElement": Object {
            "backgroundColor": "#ffffff",
            "borderColor": "#e2e2e2",
            "fontColor": "#293346",
          },
          "description": Object {
            "fontColor": "#9d9d9d",
          },
          "label": Object {
            "fontColor": "#2d2d2d",
          },
          "layout": Object {
            "backgroundColor": "#ffffff",
            "borderColor": "#e2e2e2",
            "fontColor": "#293346",
          },
          "main": Object {
            "backgroundColor": "#f7f7f7",
          },
          "toggleElement": Object {
            "backgroundColor": "#425579",
            "borderColor": "#e2e2e2",
            "fontColor": "#ffffff",
            "secondaryBackgroundColor": "#ffffff",
            "secondaryFontColor": "#9d9d9d",
          },
        }
      }
      style={
        Object {
          "color": "blue",
        }
      }
      target="_blank"
    >
      <Box
        boxAs="a"
        className="sc-gtssRu gIDqKD myClass"
        disabled={true}
        href="www.moosend.com"
        id="Anchor1"
        onClick={[Function]}
        palette={
          Object {
            "actionsDropdown": Object {
              "backgroundColor": "#3fbaca",
              "fontColor": "#ffffff",
            },
            "anchor": Object {
              "disabledFontColor": "#9d9d9d",
              "fontColor": "#3fbaca",
            },
            "button": Object {
              "backgroundColor": "#3fbaca",
              "disabledBackgroundColor": "#e2e2e2",
              "fontColor": "#ffffff",
            },
            "commonElement": Object {
              "backgroundColor": "#ffffff",
              "borderColor": "#e2e2e2",
              "fontColor": "#293346",
            },
            "description": Object {
              "fontColor": "#9d9d9d",
            },
            "label": Object {
              "fontColor": "#2d2d2d",
            },
            "layout": Object {
              "backgroundColor": "#ffffff",
              "borderColor": "#e2e2e2",
              "fontColor": "#293346",
            },
            "main": Object {
              "backgroundColor": "#f7f7f7",
            },
            "toggleElement": Object {
              "backgroundColor": "#425579",
              "borderColor": "#e2e2e2",
              "fontColor": "#ffffff",
              "secondaryBackgroundColor": "#ffffff",
              "secondaryFontColor": "#9d9d9d",
            },
          }
        }
        style={
          Object {
            "color": "blue",
          }
        }
        target="_blank"
      >
        <Component
          boxAs="a"
          className="sc-gtssRu gIDqKD myClass"
          disabled={true}
          href="www.moosend.com"
          id="Anchor1"
          onClick={[Function]}
          palette={
            Object {
              "actionsDropdown": Object {
                "backgroundColor": "#3fbaca",
                "fontColor": "#ffffff",
              },
              "anchor": Object {
                "disabledFontColor": "#9d9d9d",
                "fontColor": "#3fbaca",
              },
              "button": Object {
                "backgroundColor": "#3fbaca",
                "disabledBackgroundColor": "#e2e2e2",
                "fontColor": "#ffffff",
              },
              "commonElement": Object {
                "backgroundColor": "#ffffff",
                "borderColor": "#e2e2e2",
                "fontColor": "#293346",
              },
              "description": Object {
                "fontColor": "#9d9d9d",
              },
              "label": Object {
                "fontColor": "#2d2d2d",
              },
              "layout": Object {
                "backgroundColor": "#ffffff",
                "borderColor": "#e2e2e2",
                "fontColor": "#293346",
              },
              "main": Object {
                "backgroundColor": "#f7f7f7",
              },
              "toggleElement": Object {
                "backgroundColor": "#425579",
                "borderColor": "#e2e2e2",
                "fontColor": "#ffffff",
                "secondaryBackgroundColor": "#ffffff",
                "secondaryFontColor": "#9d9d9d",
              },
            }
          }
          style={
            Object {
              "color": "blue",
            }
          }
          target="_blank"
        >
          <StyledBox
            as="a"
            boxAs="a"
            className="sc-gtssRu gIDqKD myClass"
            disabled={true}
            href="www.moosend.com"
            id="Anchor1"
            onClick={[Function]}
            palette={
              Object {
                "actionsDropdown": Object {
                  "backgroundColor": "#3fbaca",
                  "fontColor": "#ffffff",
                },
                "anchor": Object {
                  "disabledFontColor": "#9d9d9d",
                  "fontColor": "#3fbaca",
                },
                "button": Object {
                  "backgroundColor": "#3fbaca",
                  "disabledBackgroundColor": "#e2e2e2",
                  "fontColor": "#ffffff",
                },
                "commonElement": Object {
                  "backgroundColor": "#ffffff",
                  "borderColor": "#e2e2e2",
                  "fontColor": "#293346",
                },
                "description": Object {
                  "fontColor": "#9d9d9d",
                },
                "label": Object {
                  "fontColor": "#2d2d2d",
                },
                "layout": Object {
                  "backgroundColor": "#ffffff",
                  "borderColor": "#e2e2e2",
                  "fontColor": "#293346",
                },
                "main": Object {
                  "backgroundColor": "#f7f7f7",
                },
                "toggleElement": Object {
                  "backgroundColor": "#425579",
                  "borderColor": "#e2e2e2",
                  "fontColor": "#ffffff",
                  "secondaryBackgroundColor": "#ffffff",
                  "secondaryFontColor": "#9d9d9d",
                },
              }
            }
            style={
              Object {
                "color": "blue",
              }
            }
            target="_blank"
          >
            <a
              className="sc-bdnylx kBsmpR sc-gtssRu gIDqKD myClass"
              disabled={true}
              href="www.moosend.com"
              id="Anchor1"
              onClick={[Function]}
              style={
                Object {
                  "color": "blue",
                }
              }
              target="_blank"
            >
              Mooskin
            </a>
          </StyledBox>
        </Component>
      </Box>
    </StyledAnchor>
  </Component>
</Anchor>
`;
