// Jest Snapshot v1, https://goo.gl/fbAQLP

exports[`StatsBox renders correctly 1`] = `
<div
  className="statsBox "
  style={
    Object {
      "width": 200,
    }
  }
>
  <div
    className="statsTitleContainer"
    onClick={[Function]}
    style={
      Object {
        "background": "#2D2D2D",
        "color": "#fff",
      }
    }
  >
    <div
      className="statsTitle"
    >
      Recipients
    </div>
  </div>
  <div
    className="statsContent"
  >
    <div>
      Content 1
    </div>
  </div>
</div>
`;
